Archive member included to satisfy reference by file (symbol)

c:/program files (x86)/atollic/truestudio for stm32 9.3.0/armtools/bin/../lib/gcc/arm-atollic-eabi/6.3.1/../../../../arm-atollic-eabi/lib/armv7e-m\libc_nano.a(lib_a-init.o)
                              Example\TrueSTUDIO\startup_stm32f401xe.o (__libc_init_array)
c:/program files (x86)/atollic/truestudio for stm32 9.3.0/armtools/bin/../lib/gcc/arm-atollic-eabi/6.3.1/../../../../arm-atollic-eabi/lib/armv7e-m\libc_nano.a(lib_a-memcpy-stub.o)
                              Example\User\stm32f4xx_nucleo.o (memcpy)
c:/program files (x86)/atollic/truestudio for stm32 9.3.0/armtools/bin/../lib/gcc/arm-atollic-eabi/6.3.1/../../../../arm-atollic-eabi/lib/armv7e-m\libc_nano.a(lib_a-memset.o)
                              Drivers\STM32F4xx_HAL_Driver\stm32f4xx_hal_sd.o (memset)

Allocating common symbols
Common symbol       size              file

pFlash              0x20              Drivers\STM32F4xx_HAL_Driver\stm32f4xx_hal_flash.o

Discarded input sections

 .text          0x00000000        0x0 c:/program files (x86)/atollic/truestudio for stm32 9.3.0/armtools/bin/../lib/gcc/arm-atollic-eabi/6.3.1/armv7e-m/crti.o
 .data          0x00000000        0x0 c:/program files (x86)/atollic/truestudio for stm32 9.3.0/armtools/bin/../lib/gcc/arm-atollic-eabi/6.3.1/armv7e-m/crti.o
 .bss           0x00000000        0x0 c:/program files (x86)/atollic/truestudio for stm32 9.3.0/armtools/bin/../lib/gcc/arm-atollic-eabi/6.3.1/armv7e-m/crti.o
 .data          0x00000000        0x4 c:/program files (x86)/atollic/truestudio for stm32 9.3.0/armtools/bin/../lib/gcc/arm-atollic-eabi/6.3.1/armv7e-m/crtbegin.o
 .text          0x00000000        0x0 Drivers\CMSIS\system_stm32f4xx.o
 .data          0x00000000        0x0 Drivers\CMSIS\system_stm32f4xx.o
 .bss           0x00000000        0x0 Drivers\CMSIS\system_stm32f4xx.o
 .rodata.AHBPrescTable
                0x00000000       0x10 Drivers\CMSIS\system_stm32f4xx.o
 .text.SystemCoreClockUpdate
                0x00000000       0xf4 Drivers\CMSIS\system_stm32f4xx.o
 .text          0x00000000        0x0 Drivers\STM32F4xx_HAL_Driver\stm32f4xx_hal.o
 .data          0x00000000        0x0 Drivers\STM32F4xx_HAL_Driver\stm32f4xx_hal.o
 .bss           0x00000000        0x0 Drivers\STM32F4xx_HAL_Driver\stm32f4xx_hal.o
 .text.HAL_DeInit
                0x00000000       0x58 Drivers\STM32F4xx_HAL_Driver\stm32f4xx_hal.o
 .text.HAL_MspDeInit
                0x00000000        0xe Drivers\STM32F4xx_HAL_Driver\stm32f4xx_hal.o
 .text.HAL_SuspendTick
                0x00000000       0x20 Drivers\STM32F4xx_HAL_Driver\stm32f4xx_hal.o
 .text.HAL_ResumeTick
                0x00000000       0x20 Drivers\STM32F4xx_HAL_Driver\stm32f4xx_hal.o
 .text.HAL_GetHalVersion
                0x00000000       0x14 Drivers\STM32F4xx_HAL_Driver\stm32f4xx_hal.o
 .text.HAL_GetREVID
                0x00000000       0x18 Drivers\STM32F4xx_HAL_Driver\stm32f4xx_hal.o
 .text.HAL_GetDEVID
                0x00000000       0x1c Drivers\STM32F4xx_HAL_Driver\stm32f4xx_hal.o
 .text.HAL_DBGMCU_EnableDBGSleepMode
                0x00000000       0x20 Drivers\STM32F4xx_HAL_Driver\stm32f4xx_hal.o
 .text.HAL_DBGMCU_DisableDBGSleepMode
                0x00000000       0x20 Drivers\STM32F4xx_HAL_Driver\stm32f4xx_hal.o
 .text.HAL_DBGMCU_EnableDBGStopMode
                0x00000000       0x20 Drivers\STM32F4xx_HAL_Driver\stm32f4xx_hal.o
 .text.HAL_DBGMCU_DisableDBGStopMode
                0x00000000       0x20 Drivers\STM32F4xx_HAL_Driver\stm32f4xx_hal.o
 .text.HAL_DBGMCU_EnableDBGStandbyMode
                0x00000000       0x20 Drivers\STM32F4xx_HAL_Driver\stm32f4xx_hal.o
 .text.HAL_DBGMCU_DisableDBGStandbyMode
                0x00000000       0x20 Drivers\STM32F4xx_HAL_Driver\stm32f4xx_hal.o
 .text.HAL_EnableCompensationCell
                0x00000000       0x38 Drivers\STM32F4xx_HAL_Driver\stm32f4xx_hal.o
 .text.HAL_DisableCompensationCell
                0x00000000       0x38 Drivers\STM32F4xx_HAL_Driver\stm32f4xx_hal.o
 .text          0x00000000        0x0 Drivers\STM32F4xx_HAL_Driver\stm32f4xx_hal_adc.o
 .data          0x00000000        0x0 Drivers\STM32F4xx_HAL_Driver\stm32f4xx_hal_adc.o
 .bss           0x00000000        0x0 Drivers\STM32F4xx_HAL_Driver\stm32f4xx_hal_adc.o
 .text.HAL_ADC_Init
                0x00000000       0x5a Drivers\STM32F4xx_HAL_Driver\stm32f4xx_hal_adc.o
 .text.HAL_ADC_DeInit
                0x00000000       0x38 Drivers\STM32F4xx_HAL_Driver\stm32f4xx_hal_adc.o
 .text.HAL_ADC_MspInit
                0x00000000       0x14 Drivers\STM32F4xx_HAL_Driver\stm32f4xx_hal_adc.o
 .text.HAL_ADC_MspDeInit
                0x00000000       0x14 Drivers\STM32F4xx_HAL_Driver\stm32f4xx_hal_adc.o
 .text.HAL_ADC_Start
                0x00000000       0xfc Drivers\STM32F4xx_HAL_Driver\stm32f4xx_hal_adc.o
 .text.HAL_ADC_Stop
                0x00000000       0x2e Drivers\STM32F4xx_HAL_Driver\stm32f4xx_hal_adc.o
 .text.HAL_ADC_PollForConversion
[...]
Memory Configuration

Name             Origin             Length             Attributes
FLASH            0x08000000         0x00080000         xr
RAM              0x20000000         0x00018000         xrw
*default*        0x00000000         0xffffffff

Linker script and memory map

LOAD c:/program files (x86)/atollic/truestudio for stm32 9.3.0/armtools/bin/../lib/gcc/arm-atollic-eabi/6.3.1/armv7e-m/crti.o
LOAD c:/program files (x86)/atollic/truestudio for stm32 9.3.0/armtools/bin/../lib/gcc/arm-atollic-eabi/6.3.1/armv7e-m/crtbegin.o
LOAD Drivers\CMSIS\system_stm32f4xx.o
LOAD Drivers\STM32F4xx_HAL_Driver\stm32f4xx_hal.o
LOAD Drivers\STM32F4xx_HAL_Driver\stm32f4xx_hal_adc.o
LOAD Drivers\STM32F4xx_HAL_Driver\stm32f4xx_hal_adc_ex.o
LOAD Drivers\STM32F4xx_HAL_Driver\stm32f4xx_hal_can.o
LOAD Drivers\STM32F4xx_HAL_Driver\stm32f4xx_hal_cec.o
LOAD Drivers\STM32F4xx_HAL_Driver\stm32f4xx_hal_cortex.o
LOAD Drivers\STM32F4xx_HAL_Driver\stm32f4xx_hal_crc.o
LOAD Drivers\STM32F4xx_HAL_Driver\stm32f4xx_hal_cryp.o
LOAD Drivers\STM32F4xx_HAL_Driver\stm32f4xx_hal_cryp_ex.o
LOAD Drivers\STM32F4xx_HAL_Driver\stm32f4xx_hal_dac.o
LOAD Drivers\STM32F4xx_HAL_Driver\stm32f4xx_hal_dac_ex.o
LOAD Drivers\STM32F4xx_HAL_Driver\stm32f4xx_hal_dcmi.o
LOAD Drivers\STM32F4xx_HAL_Driver\stm32f4xx_hal_dcmi_ex.o
LOAD Drivers\STM32F4xx_HAL_Driver\stm32f4xx_hal_dma.o
LOAD Drivers\STM32F4xx_HAL_Driver\stm32f4xx_hal_dma2d.o
LOAD Drivers\STM32F4xx_HAL_Driver\stm32f4xx_hal_dma_ex.o
LOAD Drivers\STM32F4xx_HAL_Driver\stm32f4xx_hal_dsi.o
LOAD Drivers\STM32F4xx_HAL_Driver\stm32f4xx_hal_eth.o
LOAD Drivers\STM32F4xx_HAL_Driver\stm32f4xx_hal_flash.o
LOAD Drivers\STM32F4xx_HAL_Driver\stm32f4xx_hal_flash_ex.o
LOAD Drivers\STM32F4xx_HAL_Driver\stm32f4xx_hal_flash_ramfunc.o
LOAD Drivers\STM32F4xx_HAL_Driver\stm32f4xx_hal_fmpi2c.o
LOAD Drivers\STM32F4xx_HAL_Driver\stm32f4xx_hal_fmpi2c_ex.o
LOAD Drivers\STM32F4xx_HAL_Driver\stm32f4xx_hal_gpio.o
LOAD Drivers\STM32F4xx_HAL_Driver\stm32f4xx_hal_hash.o
LOAD Drivers\STM32F4xx_HAL_Driver\stm32f4xx_hal_hash_ex.o
LOAD Drivers\STM32F4xx_HAL_Driver\stm32f4xx_hal_hcd.o
LOAD Drivers\STM32F4xx_HAL_Driver\stm32f4xx_hal_i2c.o
LOAD Drivers\STM32F4xx_HAL_Driver\stm32f4xx_hal_i2c_ex.o
LOAD Drivers\STM32F4xx_HAL_Driver\stm32f4xx_hal_i2s.o
LOAD Drivers\STM32F4xx_HAL_Driver\stm32f4xx_hal_i2s_ex.o
LOAD Drivers\STM32F4xx_HAL_Driver\stm32f4xx_hal_irda.o
LOAD Drivers\STM32F4xx_HAL_Driver\stm32f4xx_hal_iwdg.o
LOAD Drivers\STM32F4xx_HAL_Driver\stm32f4xx_hal_lptim.o
LOAD Drivers\STM32F4xx_HAL_Driver\stm32f4xx_hal_ltdc.o
LOAD Drivers\STM32F4xx_HAL_Driver\stm32f4xx_hal_ltdc_ex.o
LOAD Drivers\STM32F4xx_HAL_Driver\stm32f4xx_hal_nand.o
LOAD Drivers\STM32F4xx_HAL_Driver\stm32f4xx_hal_nor.o
LOAD Drivers\STM32F4xx_HAL_Driver\stm32f4xx_hal_pccard.o
LOAD Drivers\STM32F4xx_HAL_Driver\stm32f4xx_hal_pcd.o
LOAD Drivers\STM32F4xx_HAL_Driver\stm32f4xx_hal_pcd_ex.o
LOAD Drivers\STM32F4xx_HAL_Driver\stm32f4xx_hal_pwr.o
LOAD Drivers\STM32F4xx_HAL_Driver\stm32f4xx_hal_pwr_ex.o
LOAD Drivers\STM32F4xx_HAL_Driver\stm32f4xx_hal_qspi.o
LOAD Drivers\STM32F4xx_HAL_Driver\stm32f4xx_hal_rcc.o
LOAD Drivers\STM32F4xx_HAL_Driver\stm32f4xx_hal_rcc_ex.o
LOAD Drivers\STM32F4xx_HAL_Driver\stm32f4xx_hal_rng.o
LOAD Drivers\STM32F4xx_HAL_Driver\stm32f4xx_hal_rtc.o
LOAD Drivers\STM32F4xx_HAL_Driver\stm32f4xx_hal_rtc_ex.o
LOAD Drivers\STM32F4xx_HAL_Driver\stm32f4xx_hal_sai.o
LOAD Drivers\STM32F4xx_HAL_Driver\stm32f4xx_hal_sai_ex.o
LOAD Drivers\STM32F4xx_HAL_Driver\stm32f4xx_hal_sd.o
LOAD Drivers\STM32F4xx_HAL_Driver\stm32f4xx_hal_sdram.o
LOAD Drivers\STM32F4xx_HAL_Driver\stm32f4xx_hal_smartcard.o
LOAD Drivers\STM32F4xx_HAL_Driver\stm32f4xx_hal_spdifrx.o
LOAD Drivers\STM32F4xx_HAL_Driver\stm32f4xx_hal_spi.o
LOAD Drivers\STM32F4xx_HAL_Driver\stm32f4xx_hal_sram.o
LOAD Drivers\STM32F4xx_HAL_Driver\stm32f4xx_hal_tim.o
LOAD Drivers\STM32F4xx_HAL_Driver\stm32f4xx_hal_tim_ex.o
LOAD Drivers\STM32F4xx_HAL_Driver\stm32f4xx_hal_uart.o
LOAD Drivers\STM32F4xx_HAL_Driver\stm32f4xx_hal_usart.o
LOAD Drivers\STM32F4xx_HAL_Driver\stm32f4xx_hal_wwdg.o
LOAD Drivers\STM32F4xx_HAL_Driver\stm32f4xx_ll_fmc.o
LOAD Drivers\STM32F4xx_HAL_Driver\stm32f4xx_ll_fsmc.o
LOAD Drivers\STM32F4xx_HAL_Driver\stm32f4xx_ll_sdmmc.o
LOAD Drivers\STM32F4xx_HAL_Driver\stm32f4xx_ll_usb.o
LOAD Example\TrueSTUDIO\startup_stm32f401xe.o
LOAD Example\User\SPITest.o
LOAD Example\User\main.o
LOAD Example\User\stm32f4xx_it.o
LOAD Example\User\stm32f4xx_nucleo.o
                0x00000080                malloc_getpagesize_P = 0x80
START GROUP
LOAD c:/program files (x86)/atollic/truestudio for stm32 9.3.0/armtools/bin/../lib/gcc/arm-atollic-eabi/6.3.1/../../../../arm-atollic-eabi/lib/armv7e-m\libc_nano.a
LOAD c:/program files (x86)/atollic/truestudio for stm32 9.3.0/armtools/bin/../lib/gcc/arm-atollic-eabi/6.3.1/../../../../arm-atollic-eabi/lib/armv7e-m\libm.a
END GROUP
START GROUP
LOAD c:/program files (x86)/atollic/truestudio for stm32 9.3.0/armtools/bin/../lib/gcc/arm-atollic-eabi/6.3.1/armv7e-m\libgcc.a
LOAD c:/program files (x86)/atollic/truestudio for stm32 9.3.0/armtools/bin/../lib/gcc/arm-atollic-eabi/6.3.1/../../../../arm-atollic-eabi/lib/armv7e-m\libc_nano.a
END GROUP
START GROUP
LOAD c:/program files (x86)/atollic/truestudio for stm32 9.3.0/armtools/bin/../lib/gcc/arm-atollic-eabi/6.3.1/armv7e-m\libgcc.a
LOAD c:/program files (x86)/atollic/truestudio for stm32 9.3.0/armtools/bin/../lib/gcc/arm-atollic-eabi/6.3.1/../../../../arm-atollic-eabi/lib/armv7e-m\libc_nano.a
LOAD c:/program files (x86)/atollic/truestudio for stm32 9.3.0/armtools/bin/../lib/gcc/arm-atollic-eabi/6.3.1/../../../../arm-atollic-eabi/lib/armv7e-m\libnosys.a
END GROUP
START GROUP
LOAD c:/program files (x86)/atollic/truestudio for stm32 9.3.0/armtools/bin/../lib/gcc/arm-atollic-eabi/6.3.1/armv7e-m\libgcc.a
LOAD c:/program files (x86)/atollic/truestudio for stm32 9.3.0/armtools/bin/../lib/gcc/arm-atollic-eabi/6.3.1/../../../../arm-atollic-eabi/lib/armv7e-m\libc_nano.a
LOAD c:/program files (x86)/atollic/truestudio for stm32 9.3.0/armtools/bin/../lib/gcc/arm-atollic-eabi/6.3.1/../../../../arm-atollic-eabi/lib/armv7e-m\libnosys.a
END GROUP
LOAD c:/program files (x86)/atollic/truestudio for stm32 9.3.0/armtools/bin/../lib/gcc/arm-atollic-eabi/6.3.1/armv7e-m/crtend.o
LOAD c:/program files (x86)/atollic/truestudio for stm32 9.3.0/armtools/bin/../lib/gcc/arm-atollic-eabi/6.3.1/armv7e-m/crtn.o
                0x20017fff                _estack = 0x20017fff
                0x00000200                _Min_Heap_Size = 0x200
                0x00000400                _Min_Stack_Size = 0x400

.isr_vector     0x08000000      0x194
                0x08000000                . = ALIGN (0x4)
 *(.isr_vector)
 .isr_vector    0x08000000      0x194 Example\TrueSTUDIO\startup_stm32f401xe.o
                0x08000000                g_pfnVectors
                0x08000194                . = ALIGN (0x4)

.text           0x08000194     0x1268
                0x08000194                . = ALIGN (0x4)
 *(.text)
 .text          0x08000194       0x40 c:/program files (x86)/atollic/truestudio for stm32 9.3.0/armtools/bin/../lib/gcc/arm-atollic-eabi/6.3.1/armv7e-m/crtbegin.o
 *(.text*)
 .text.SystemInit
                0x080001d4       0x6c Drivers\CMSIS\system_stm32f4xx.o
                0x080001d4                SystemInit
 .text.HAL_Init
                0x08000240       0x44 Drivers\STM32F4xx_HAL_Driver\stm32f4xx_hal.o
                0x08000240                HAL_Init
 .text.HAL_MspInit
                0x08000284        0xe Drivers\STM32F4xx_HAL_Driver\stm32f4xx_hal.o
                0x08000284                HAL_MspInit
 *fill*         0x08000292        0x2 
 .text.HAL_InitTick
                0x08000294       0x38 Drivers\STM32F4xx_HAL_Driver\stm32f4xx_hal.o
                0x08000294                HAL_InitTick
 .text.HAL_IncTick
                0x080002cc       0x1c Drivers\STM32F4xx_HAL_Driver\stm32f4xx_hal.o
                0x080002cc                HAL_IncTick
 .text.HAL_GetTick
                0x080002e8       0x18 Drivers\STM32F4xx_HAL_Driver\stm32f4xx_hal.o
                0x080002e8                HAL_GetTick
 .text.HAL_Delay
                0x08000300       0x2c Drivers\STM32F4xx_HAL_Driver\stm32f4xx_hal.o
                0x08000300                HAL_Delay
 .text.NVIC_SetPriorityGrouping
                0x0800032c       0x48 Drivers\STM32F4xx_HAL_Driver\stm32f4xx_hal_cortex.o
 .text.NVIC_GetPriorityGrouping
                0x08000374       0x1c Drivers\STM32F4xx_HAL_Driver\stm32f4xx_hal_cortex.o
 .text.NVIC_SetPriority
                0x08000390       0x54 Drivers\STM32F4xx_HAL_Driver\stm32f4xx_hal_cortex.o
 .text.NVIC_EncodePriority
                0x080003e4       0x62 Drivers\STM32F4xx_HAL_Driver\stm32f4xx_hal_cortex.o
 *fill*         0x08000446        0x2 
 .text.SysTick_Config
                0x08000448       0x44 Drivers\STM32F4xx_HAL_Driver\stm32f4xx_hal_cortex.o
 .text.HAL_NVIC_SetPriorityGrouping
                0x0800048c       0x16 Drivers\STM32F4xx_HAL_Driver\stm32f4xx_hal_cortex.o
                0x0800048c                HAL_NVIC_SetPriorityGrouping
 .text.HAL_NVIC_SetPriority
                0x080004a2       0x38 Drivers\STM32F4xx_HAL_Driver\stm32f4xx_hal_cortex.o
                0x080004a2                HAL_NVIC_SetPriority
 .text.HAL_SYSTICK_Config
                0x080004da       0x18 Drivers\STM32F4xx_HAL_Driver\stm32f4xx_hal_cortex.o
                0x080004da                HAL_SYSTICK_Config
 *fill*         0x080004f2        0x2 
 .text.HAL_GPIO_Init
                0x080004f4      0x300 Drivers\STM32F4xx_HAL_Driver\stm32f4xx_hal_gpio.o
                0x080004f4                HAL_GPIO_Init
 .text.HAL_GPIO_WritePin
                0x080007f4       0x32 Drivers\STM32F4xx_HAL_Driver\stm32f4xx_hal_gpio.o
                0x080007f4                HAL_GPIO_WritePin
 .text.HAL_GPIO_TogglePin
                0x08000826       0x24 Drivers\STM32F4xx_HAL_Driver\stm32f4xx_hal_gpio.o
                0x08000826                HAL_GPIO_TogglePin
 *fill*         0x0800084a        0x2 
 .text.HAL_RCC_OscConfig
                0x0800084c      0x490 Drivers\STM32F4xx_HAL_Driver\stm32f4xx_hal_rcc.o
                0x0800084c                HAL_RCC_OscConfig
 .text.HAL_RCC_ClockConfig
                0x08000cdc      0x314 Drivers\STM32F4xx_HAL_Driver\stm32f4xx_hal_rcc.o
                0x08000cdc                HAL_RCC_ClockConfig
 .text.HAL_RCC_GetSysClockFreq
                0x08000ff0       0xfc Drivers\STM32F4xx_HAL_Driver\stm32f4xx_hal_rcc.o
                0x08000ff0                HAL_RCC_GetSysClockFreq
 .text.HAL_RCC_GetHCLKFreq
                0x080010ec       0x50 Drivers\STM32F4xx_HAL_Driver\stm32f4xx_hal_rcc.o
                0x080010ec                HAL_RCC_GetHCLKFreq
 .text.Reset_Handler_Boot
                0x0800113c       0x50 Example\TrueSTUDIO\startup_stm32f401xe.o
                0x0800113c                Reset_Handler_Boot
 .text.Default_Handler
                0x0800118c        0x2 Example\TrueSTUDIO\startup_stm32f401xe.o
                0x0800118c                RTC_Alarm_IRQHandler
                0x0800118c                EXTI2_IRQHandler
                0x0800118c                SPI4_IRQHandler
                0x0800118c                TIM1_CC_IRQHandler
                0x0800118c                DMA2_Stream5_IRQHandler
                0x0800118c                DMA1_Stream5_IRQHandler
                0x0800118c                PVD_IRQHandler
                0x0800118c                SDIO_IRQHandler
                0x0800118c                TAMP_STAMP_IRQHandler
                0x0800118c                EXTI3_IRQHandler
                0x0800118c                TIM1_UP_TIM10_IRQHandler
                0x0800118c                I2C3_ER_IRQHandler
                0x0800118c                EXTI0_IRQHandler
                0x0800118c                I2C2_EV_IRQHandler
                0x0800118c                DMA1_Stream2_IRQHandler
                0x0800118c                FPU_IRQHandler
                0x0800118c                DMA2_Stream2_IRQHandler
                0x0800118c                SPI1_IRQHandler
                0x0800118c                TIM1_BRK_TIM9_IRQHandler
                0x0800118c                DMA2_Stream3_IRQHandler
                0x0800118c                USART6_IRQHandler
                0x0800118c                DMA2_Stream0_IRQHandler
                0x0800118c                TIM4_IRQHandler
                0x0800118c                I2C1_EV_IRQHandler
                0x0800118c                DMA1_Stream6_IRQHandler
                0x0800118c                DMA1_Stream1_IRQHandler
                0x0800118c                TIM3_IRQHandler
                0x0800118c                RCC_IRQHandler
                0x0800118c                Default_Handler
                0x0800118c                EXTI15_10_IRQHandler
                0x0800118c                ADC_IRQHandler
                0x0800118c                DMA1_Stream7_IRQHandler
                0x0800118c                TIM5_IRQHandler
                0x0800118c                DMA2_Stream7_IRQHandler
                0x0800118c                I2C3_EV_IRQHandler
                0x0800118c                EXTI9_5_IRQHandler
                0x0800118c                RTC_WKUP_IRQHandler
                0x0800118c                SPI2_IRQHandler
                0x0800118c                DMA1_Stream0_IRQHandler
                0x0800118c                EXTI4_IRQHandler
                0x0800118c                WWDG_IRQHandler
                0x0800118c                TIM2_IRQHandler
                0x0800118c                OTG_FS_WKUP_IRQHandler
                0x0800118c                TIM1_TRG_COM_TIM11_IRQHandler
                0x0800118c                EXTI1_IRQHandler
                0x0800118c                USART2_IRQHandler
                0x0800118c                I2C2_ER_IRQHandler
                0x0800118c                DMA2_Stream1_IRQHandler
                0x0800118c                FLASH_IRQHandler
                0x0800118c                DMA2_Stream4_IRQHandler
                0x0800118c                USART1_IRQHandler
                0x0800118c                OTG_FS_IRQHandler
                0x0800118c                SPI3_IRQHandler
                0x0800118c                DMA1_Stream4_IRQHandler
                0x0800118c                I2C1_ER_IRQHandler
                0x0800118c                DMA2_Stream6_IRQHandler
                0x0800118c                DMA1_Stream3_IRQHandler
 *fill*         0x0800118e        0x2 
 .text.boot_main
                0x08001190       0x60 Example\User\main.o
                0x08001190                boot_main
 .text.SystemClock_Config
                0x080011f0       0xb0 Example\User\main.o
 .text.Error_Handler
                0x080012a0        0x6 Example\User\main.o
 .text.NMI_Handler
                0x080012a6        0xe Example\User\stm32f4xx_it.o
                0x080012a6                NMI_Handler
 .text.HardFault_Handler
                0x080012b4        0x6 Example\User\stm32f4xx_it.o
                0x080012b4                HardFault_Handler
 .text.MemManage_Handler
                0x080012ba        0x6 Example\User\stm32f4xx_it.o
                0x080012ba                MemManage_Handler
 .text.BusFault_Handler
                0x080012c0        0x6 Example\User\stm32f4xx_it.o
                0x080012c0                BusFault_Handler
 .text.UsageFault_Handler
                0x080012c6        0x6 Example\User\stm32f4xx_it.o
                0x080012c6                UsageFault_Handler
 .text.SVC_Handler
                0x080012cc        0xe Example\User\stm32f4xx_it.o
                0x080012cc                SVC_Handler
 .text.DebugMon_Handler
                0x080012da        0xe Example\User\stm32f4xx_it.o
                0x080012da                DebugMon_Handler
 .text.PendSV_Handler
                0x080012e8        0xe Example\User\stm32f4xx_it.o
                0x080012e8                PendSV_Handler
 .text.SysTick_Handler
                0x080012f6        0xc Example\User\stm32f4xx_it.o
                0x080012f6                SysTick_Handler
 *fill*         0x08001302        0x2 
 .text.BSP_LED_Init
                0x08001304       0x70 Example\User\stm32f4xx_nucleo.o
                0x08001304                BSP_LED_Init
 .text.BSP_LED_Toggle
                0x08001374       0x28 Example\User\stm32f4xx_nucleo.o
                0x08001374                BSP_LED_Toggle
 .text.__libc_init_array
                0x0800139c       0x48 c:/program files (x86)/atollic/truestudio for stm32 9.3.0/armtools/bin/../lib/gcc/arm-atollic-eabi/6.3.1/../../../../arm-atollic-eabi/lib/armv7e-m\libc_nano.a(lib_a-init.o)
                0x0800139c                __libc_init_array
 *(.glue_7)
 .glue_7        0x080013e4        0x0 linker stubs
 *(.glue_7t)
 .glue_7t       0x080013e4        0x0 linker stubs
 *(.eh_frame)
 .eh_frame      0x080013e4        0x0 c:/program files (x86)/atollic/truestudio for stm32 9.3.0/armtools/bin/../lib/gcc/arm-atollic-eabi/6.3.1/armv7e-m/crtbegin.o
 *(.init)
 .init          0x080013e4        0x4 c:/program files (x86)/atollic/truestudio for stm32 9.3.0/armtools/bin/../lib/gcc/arm-atollic-eabi/6.3.1/armv7e-m/crti.o
                0x080013e4                _init
 .init          0x080013e8        0x8 c:/program files (x86)/atollic/truestudio for stm32 9.3.0/armtools/bin/../lib/gcc/arm-atollic-eabi/6.3.1/armv7e-m/crtn.o
 *(.fini)
 .fini          0x080013f0        0x4 c:/program files (x86)/atollic/truestudio for stm32 9.3.0/armtools/bin/../lib/gcc/arm-atollic-eabi/6.3.1/armv7e-m/crti.o
                0x080013f0                _fini
 .fini          0x080013f4        0x8 c:/program files (x86)/atollic/truestudio for stm32 9.3.0/armtools/bin/../lib/gcc/arm-atollic-eabi/6.3.1/armv7e-m/crtn.o
                0x080013fc                . = ALIGN (0x4)
                0x080013fc                _etext = .

.vfp11_veneer   0x080013fc        0x0
 .vfp11_veneer  0x080013fc        0x0 linker stubs

.v4_bx          0x080013fc        0x0
 .v4_bx         0x080013fc        0x0 linker stubs

.iplt           0x080013fc        0x0
 .iplt          0x080013fc        0x0 c:/program files (x86)/atollic/truestudio for stm32 9.3.0/armtools/bin/../lib/gcc/arm-atollic-eabi/6.3.1/armv7e-m/crtbegin.o

.rodata         0x080013fc       0x10
                0x080013fc                . = ALIGN (0x4)
 *(.rodata)
 *(.rodata*)
 .rodata.APBAHBPrescTable
                0x080013fc       0x10 Drivers\STM32F4xx_HAL_Driver\stm32f4xx_hal_rcc.o
                0x080013fc                APBAHBPrescTable
                0x0800140c                . = ALIGN (0x4)

.rel.dyn        0x0800140c        0x0
 .rel.iplt      0x0800140c        0x0 c:/program files (x86)/atollic/truestudio for stm32 9.3.0/armtools/bin/../lib/gcc/arm-atollic-eabi/6.3.1/armv7e-m/crtbegin.o

.ARM.extab
 *(.ARM.extab* .gnu.linkonce.armextab.*)

.ARM            0x0800140c        0x0
                0x0800140c                __exidx_start = .
 *(.ARM.exidx*)
                0x0800140c                __exidx_end = .

.preinit_array  0x0800140c        0x0
                0x0800140c                PROVIDE (__preinit_array_start, .)
 *(.preinit_array*)
                0x0800140c                PROVIDE (__preinit_array_end, .)

.init_array     0x0800140c        0x4
                0x0800140c                PROVIDE (__init_array_start, .)
 *(SORT(.init_array.*))
 *(.init_array*)
 .init_array    0x0800140c        0x4 c:/program files (x86)/atollic/truestudio for stm32 9.3.0/armtools/bin/../lib/gcc/arm-atollic-eabi/6.3.1/armv7e-m/crtbegin.o
                0x08001410                PROVIDE (__init_array_end, .)

.fini_array     0x08001410        0x4
                [!provide]                PROVIDE (__fini_array_start, .)
 *(SORT(.fini_array.*))
 *(.fini_array*)
 .fini_array    0x08001410        0x4 c:/program files (x86)/atollic/truestudio for stm32 9.3.0/armtools/bin/../lib/gcc/arm-atollic-eabi/6.3.1/armv7e-m/crtbegin.o
                [!provide]                PROVIDE (__fini_array_end, .)
                0x08001414                _sidata = LOADADDR (.data)

.data           0x20000000        0x8 load address 0x08001414
                0x20000000                . = ALIGN (0x4)
                0x20000000                _sdata = .
 *(.data)
 *(.data*)
 .data.SystemCoreClock
                0x20000000        0x4 Drivers\CMSIS\system_stm32f4xx.o
                0x20000000                SystemCoreClock
 .data.GPIO_PORT
                0x20000004        0x4 Example\User\stm32f4xx_nucleo.o
                0x20000004                GPIO_PORT
                0x20000008                . = ALIGN (0x4)
                0x20000008                _edata = .

.igot.plt       0x20000008        0x0 load address 0x0800141c
 .igot.plt      0x20000008        0x0 c:/program files (x86)/atollic/truestudio for stm32 9.3.0/armtools/bin/../lib/gcc/arm-atollic-eabi/6.3.1/armv7e-m/crtbegin.o
                0x20000008                . = ALIGN (0x4)

.bss            0x20000008       0x20 load address 0x0800141c
                0x20000008                _sbss = .
                0x20000008                __bss_start__ = _sbss
 *(.bss)
 .bss           0x20000008       0x1c c:/program files (x86)/atollic/truestudio for stm32 9.3.0/armtools/bin/../lib/gcc/arm-atollic-eabi/6.3.1/armv7e-m/crtbegin.o
 *(.bss*)
 .bss.uwTick    0x20000024        0x4 Drivers\STM32F4xx_HAL_Driver\stm32f4xx_hal.o
 *(COMMON)
                0x20000028                . = ALIGN (0x4)
                0x20000028                _ebss = .
                0x20000028                __bss_end__ = _ebss

._user_heap_stack
                0x20000028      0x600 load address 0x0800141c
                0x20000028                . = ALIGN (0x4)
                [!provide]                PROVIDE (end, .)
                [!provide]                PROVIDE (_end, .)
                0x20000228                . = (. + _Min_Heap_Size)
 *fill*         0x20000028      0x200 
                0x20000628                . = (. + _Min_Stack_Size)
 *fill*         0x20000228      0x400 
                0x20000628                . = ALIGN (0x4)

/DISCARD/
 libc.a(*)
 libm.a(*)
 libgcc.a(*)

.ARM.attributes
                0x00000000       0x2c
 *(.ARM.attributes)
 .ARM.attributes
                0x00000000       0x1e c:/program files (x86)/atollic/truestudio for stm32 9.3.0/armtools/bin/../lib/gcc/arm-atollic-eabi/6.3.1/armv7e-m/crti.o
 .ARM.attributes
                0x0000001e       0x2e c:/program files (x86)/atollic/truestudio for stm32 9.3.0/armtools/bin/../lib/gcc/arm-atollic-eabi/6.3.1/armv7e-m/crtbegin.o
 .ARM.attributes
                0x0000004c       0x35 Drivers\CMSIS\system_stm32f4xx.o
 .ARM.attributes
                0x00000081       0x35 Drivers\STM32F4xx_HAL_Driver\stm32f4xx_hal.o
 .ARM.attributes
                0x000000b6       0x35 Drivers\STM32F4xx_HAL_Driver\stm32f4xx_hal_cortex.o
 .ARM.attributes
                0x000000eb       0x35 Drivers\STM32F4xx_HAL_Driver\stm32f4xx_hal_gpio.o
 .ARM.attributes
                0x00000120       0x35 Drivers\STM32F4xx_HAL_Driver\stm32f4xx_hal_rcc.o
 .ARM.attributes
                0x00000155       0x21 Example\TrueSTUDIO\startup_stm32f401xe.o
 .ARM.attributes
                0x00000176       0x35 Example\User\main.o
 .ARM.attributes
                0x000001ab       0x35 Example\User\stm32f4xx_it.o
 .ARM.attributes
                0x000001e0       0x35 Example\User\stm32f4xx_nucleo.o
 .ARM.attributes
                0x00000215       0x2e c:/program files (x86)/atollic/truestudio for stm32 9.3.0/armtools/bin/../lib/gcc/arm-atollic-eabi/6.3.1/../../../../arm-atollic-eabi/lib/armv7e-m\libc_nano.a(lib_a-init.o)
 .ARM.attributes
                0x00000243       0x1e c:/program files (x86)/atollic/truestudio for stm32 9.3.0/armtools/bin/../lib/gcc/arm-atollic-eabi/6.3.1/armv7e-m/crtn.o
OUTPUT(STM32F4xx-Nucleo.elf elf32-littlearm)

.debug_info     0x00000000     0x8a92
 .debug_info    0x00000000      0xce3 Drivers\CMSIS\system_stm32f4xx.o
 .debug_info    0x00000ce3      0xfbb Drivers\STM32F4xx_HAL_Driver\stm32f4xx_hal.o
 .debug_info    0x00001c9e     0x1483 Drivers\STM32F4xx_HAL_Driver\stm32f4xx_hal_cortex.o
 .debug_info    0x00003121      0xf31 Drivers\STM32F4xx_HAL_Driver\stm32f4xx_hal_gpio.o
 .debug_info    0x00004052     0x1340 Drivers\STM32F4xx_HAL_Driver\stm32f4xx_hal_rcc.o
 .debug_info    0x00005392       0xb0 Example\TrueSTUDIO\startup_stm32f401xe.o
 .debug_info    0x00005442      0xf0f Example\User\main.o
 .debug_info    0x00006351      0x96d Example\User\stm32f4xx_it.o
 .debug_info    0x00006cbe     0x1dd4 Example\User\stm32f4xx_nucleo.o

.debug_abbrev   0x00000000     0x1449
 .debug_abbrev  0x00000000      0x1db Drivers\CMSIS\system_stm32f4xx.o
 .debug_abbrev  0x000001db      0x2c4 Drivers\STM32F4xx_HAL_Driver\stm32f4xx_hal.o
 .debug_abbrev  0x0000049f      0x371 Drivers\STM32F4xx_HAL_Driver\stm32f4xx_hal_cortex.o
 .debug_abbrev  0x00000810      0x24c Drivers\STM32F4xx_HAL_Driver\stm32f4xx_hal_gpio.o
 .debug_abbrev  0x00000a5c      0x31c Drivers\STM32F4xx_HAL_Driver\stm32f4xx_hal_rcc.o
 .debug_abbrev  0x00000d78       0x12 Example\TrueSTUDIO\startup_stm32f401xe.o
 .debug_abbrev  0x00000d8a      0x235 Example\User\main.o
 .debug_abbrev  0x00000fbf      0x190 Example\User\stm32f4xx_it.o
 .debug_abbrev  0x0000114f      0x2fa Example\User\stm32f4xx_nucleo.o

.debug_aranges  0x00000000      0x4a0
 .debug_aranges
                0x00000000       0x28 Drivers\CMSIS\system_stm32f4xx.o
 .debug_aranges
                0x00000028       0xc0 Drivers\STM32F4xx_HAL_Driver\stm32f4xx_hal.o
 .debug_aranges
                0x000000e8      0x108 Drivers\STM32F4xx_HAL_Driver\stm32f4xx_hal_cortex.o
 .debug_aranges
                0x000001f0       0x58 Drivers\STM32F4xx_HAL_Driver\stm32f4xx_hal_gpio.o
 .debug_aranges
                0x00000248       0x88 Drivers\STM32F4xx_HAL_Driver\stm32f4xx_hal_rcc.o
 .debug_aranges
                0x000002d0       0x28 Example\TrueSTUDIO\startup_stm32f401xe.o
 .debug_aranges
                0x000002f8       0x30 Example\User\main.o
 .debug_aranges
                0x00000328       0x60 Example\User\stm32f4xx_it.o
 .debug_aranges
                0x00000388      0x118 Example\User\stm32f4xx_nucleo.o

.debug_ranges   0x00000000      0x418
 .debug_ranges  0x00000000       0x18 Drivers\CMSIS\system_stm32f4xx.o
 .debug_ranges  0x00000018       0xb0 Drivers\STM32F4xx_HAL_Driver\stm32f4xx_hal.o
 .debug_ranges  0x000000c8       0xf8 Drivers\STM32F4xx_HAL_Driver\stm32f4xx_hal_cortex.o
 .debug_ranges  0x000001c0       0x48 Drivers\STM32F4xx_HAL_Driver\stm32f4xx_hal_gpio.o
 .debug_ranges  0x00000208       0x78 Drivers\STM32F4xx_HAL_Driver\stm32f4xx_hal_rcc.o
 .debug_ranges  0x00000280       0x20 Example\TrueSTUDIO\startup_stm32f401xe.o
 .debug_ranges  0x000002a0       0x20 Example\User\main.o
 .debug_ranges  0x000002c0       0x50 Example\User\stm32f4xx_it.o
 .debug_ranges  0x00000310      0x108 Example\User\stm32f4xx_nucleo.o

.debug_line     0x00000000     0x27ad
 .debug_line    0x00000000      0x300 Drivers\CMSIS\system_stm32f4xx.o
 .debug_line    0x00000300      0x4db Drivers\STM32F4xx_HAL_Driver\stm32f4xx_hal.o
 .debug_line    0x000007db      0x613 Drivers\STM32F4xx_HAL_Driver\stm32f4xx_hal_cortex.o
 .debug_line    0x00000dee      0x4df Drivers\STM32F4xx_HAL_Driver\stm32f4xx_hal_gpio.o
 .debug_line    0x000012cd      0x6af Drivers\STM32F4xx_HAL_Driver\stm32f4xx_hal_rcc.o
 .debug_line    0x0000197c       0x7a Example\TrueSTUDIO\startup_stm32f401xe.o
 .debug_line    0x000019f6      0x3b2 Example\User\main.o
 .debug_line    0x00001da8      0x312 Example\User\stm32f4xx_it.o
 .debug_line    0x000020ba      0x6f3 Example\User\stm32f4xx_nucleo.o

.debug_str      0x00000000     0x21eb
 .debug_str     0x00000000      0x797 Drivers\CMSIS\system_stm32f4xx.o
                                0x834 (size before relaxing)
 .debug_str     0x00000797      0x643 Drivers\STM32F4xx_HAL_Driver\stm32f4xx_hal.o
                                0xd7b (size before relaxing)
 .debug_str     0x00000dda      0x3a6 Drivers\STM32F4xx_HAL_Driver\stm32f4xx_hal_cortex.o
                                0xf24 (size before relaxing)
 .debug_str     0x00001180      0x1f9 Drivers\STM32F4xx_HAL_Driver\stm32f4xx_hal_gpio.o
                                0x993 (size before relaxing)
 .debug_str     0x00001379      0x2e0 Drivers\STM32F4xx_HAL_Driver\stm32f4xx_hal_rcc.o
                                0xb37 (size before relaxing)
 .debug_str     0x00001659       0x79 Example\User\main.o
                                0x981 (size before relaxing)
 .debug_str     0x000016d2       0xac Example\User\stm32f4xx_it.o
                                0x6d0 (size before relaxing)
 .debug_str     0x0000177e      0xa6d Example\User\stm32f4xx_nucleo.o
                               0x16ba (size before relaxing)

.comment        0x00000000       0x7c
 .comment       0x00000000       0x7c Drivers\CMSIS\system_stm32f4xx.o
                                 0x7d (size before relaxing)
 .comment       0x0000007c       0x7d Drivers\STM32F4xx_HAL_Driver\stm32f4xx_hal.o
 .comment       0x0000007c       0x7d Drivers\STM32F4xx_HAL_Driver\stm32f4xx_hal_cortex.o
 .comment       0x0000007c       0x7d Drivers\STM32F4xx_HAL_Driver\stm32f4xx_hal_gpio.o
 .comment       0x0000007c       0x7d Drivers\STM32F4xx_HAL_Driver\stm32f4xx_hal_rcc.o
 .comment       0x0000007c       0x7d Example\User\main.o
 .comment       0x0000007c       0x7d Example\User\stm32f4xx_it.o
 .comment       0x0000007c       0x7d Example\User\stm32f4xx_nucleo.o

.debug_frame    0x00000000     0x10cc
 .debug_frame   0x00000000       0x58 Drivers\CMSIS\system_stm32f4xx.o
 .debug_frame   0x00000058      0x2c0 Drivers\STM32F4xx_HAL_Driver\stm32f4xx_hal.o
 .debug_frame   0x00000318      0x450 Drivers\STM32F4xx_HAL_Driver\stm32f4xx_hal_cortex.o
 .debug_frame   0x00000768      0x14c Drivers\STM32F4xx_HAL_Driver\stm32f4xx_hal_gpio.o
 .debug_frame   0x000008b4      0x204 Drivers\STM32F4xx_HAL_Driver\stm32f4xx_hal_rcc.o
 .debug_frame   0x00000ab8       0x6c Example\User\main.o
 .debug_frame   0x00000b24      0x10c Example\User\stm32f4xx_it.o
 .debug_frame   0x00000c30      0x470 Example\User\stm32f4xx_nucleo.o
 .debug_frame   0x000010a0       0x2c c:/program files (x86)/atollic/truestudio for stm32 9.3.0/armtools/bin/../lib/gcc/arm-atollic-eabi/6.3.1/../../../../arm-atollic-eabi/lib/armv7e-m\libc_nano.a(lib_a-init.o)

Cross Reference Table

Symbol                                            File
ADC_IRQHandler                                    Example\TrueSTUDIO\startup_stm32f401xe.o
AHBPrescTable                                     Drivers\CMSIS\system_stm32f4xx.o
APBAHBPrescTable                                  Drivers\STM32F4xx_HAL_Driver\stm32f4xx_hal_rcc.o
BSP_GetVersion                                    Example\User\stm32f4xx_nucleo.o
BSP_JOY_GetState                                  Example\User\stm32f4xx_nucleo.o
BSP_JOY_Init                                      Example\User\stm32f4xx_nucleo.o
BSP_LED_Init                                      Example\User\stm32f4xx_nucleo.o
                                                  Example\User\main.o
BSP_LED_Off                                       Example\User\stm32f4xx_nucleo.o
BSP_LED_On                                        Example\User\stm32f4xx_nucleo.o
BSP_LED_Toggle                                    Example\User\stm32f4xx_nucleo.o
                                                  Example\User\main.o
                                                  Example\User\SPITest.o
BSP_PB_GetState                                   Example\User\stm32f4xx_nucleo.o
BSP_PB_Init                                       Example\User\stm32f4xx_nucleo.o
BSP_SPIx_Init                                     Example\User\stm32f4xx_nucleo.o
                                                  Example\User\SPITest.o
BSP_SPIx_Read                                     Example\User\stm32f4xx_nucleo.o
                                                  Example\User\SPITest.o
BSP_SPIx_ReadWrite                                Example\User\stm32f4xx_nucleo.o
                                                  Example\User\SPITest.o
BSP_SPIx_WriteByte                                Example\User\stm32f4xx_nucleo.o
BSP_SPIx_WriteReadByte                            Example\User\stm32f4xx_nucleo.o
                                                  Example\User\SPITest.o
BUTTON_IRQn                                       Example\User\stm32f4xx_nucleo.o
BUTTON_PIN                                        Example\User\stm32f4xx_nucleo.o
BUTTON_PORT                                       Example\User\stm32f4xx_nucleo.o
BusFault_Handler                                  Example\User\stm32f4xx_it.o
                                                  Example\TrueSTUDIO\startup_stm32f401xe.o
DMA1_Stream0_IRQHandler                           Example\TrueSTUDIO\startup_stm32f401xe.o
DMA1_Stream1_IRQHandler                           Example\TrueSTUDIO\startup_stm32f401xe.o
DMA1_Stream2_IRQHandler                           Example\TrueSTUDIO\startup_stm32f401xe.o
DMA1_Stream3_IRQHandler                           Example\TrueSTUDIO\startup_stm32f401xe.o
DMA1_Stream4_IRQHandler                           Example\TrueSTUDIO\startup_stm32f401xe.o
DMA1_Stream5_IRQHandler                           Example\TrueSTUDIO\startup_stm32f401xe.o
DMA1_Stream6_IRQHandler                           Example\TrueSTUDIO\startup_stm32f401xe.o
DMA1_Stream7_IRQHandler                           Example\TrueSTUDIO\startup_stm32f401xe.o
DMA2_Stream0_IRQHandler                           Example\TrueSTUDIO\startup_stm32f401xe.o
DMA2_Stream1_IRQHandler                           Example\TrueSTUDIO\startup_stm32f401xe.o
DMA2_Stream2_IRQHandler                           Example\TrueSTUDIO\startup_stm32f401xe.o
DMA2_Stream3_IRQHandler                           Example\TrueSTUDIO\startup_stm32f401xe.o
DMA2_Stream4_IRQHandler                           Example\TrueSTUDIO\startup_stm32f401xe.o
DMA2_Stream5_IRQHandler                           Example\TrueSTUDIO\startup_stm32f401xe.o
DMA2_Stream6_IRQHandler                           Example\TrueSTUDIO\startup_stm32f401xe.o
DMA2_Stream7_IRQHandler                           Example\TrueSTUDIO\startup_stm32f401xe.o
DebugMon_Handler                                  Example\User\stm32f4xx_it.o
                                                  Example\TrueSTUDIO\startup_stm32f401xe.o
Default_Handler                                   Example\TrueSTUDIO\startup_stm32f401xe.o
EXTI0_IRQHandler                                  Example\TrueSTUDIO\startup_stm32f401xe.o
EXTI15_10_IRQHandler                              Example\TrueSTUDIO\startup_stm32f401xe.o
EXTI1_IRQHandler                                  Example\TrueSTUDIO\startup_stm32f401xe.o
EXTI2_IRQHandler                                  Example\TrueSTUDIO\startup_stm32f401xe.o
EXTI3_IRQHandler                                  Example\TrueSTUDIO\startup_stm32f401xe.o
EXTI4_IRQHandler                                  Example\TrueSTUDIO\startup_stm32f401xe.o
EXTI9_5_IRQHandler                                Example\TrueSTUDIO\startup_stm32f401xe.o
FLASH_Erase_Sector                                Drivers\STM32F4xx_HAL_Driver\stm32f4xx_hal_flash_ex.o
                                                  Drivers\STM32F4xx_HAL_Driver\stm32f4xx_hal_flash.o
FLASH_FlushCaches                                 Drivers\STM32F4xx_HAL_Driver\stm32f4xx_hal_flash_ex.o
                                                  Drivers\STM32F4xx_HAL_Driver\stm32f4xx_hal_flash.o
FLASH_IRQHandler                                  Example\TrueSTUDIO\startup_stm32f401xe.o
FLASH_WaitForLastOperation                        Drivers\STM32F4xx_HAL_Driver\stm32f4xx_hal_flash.o
                                                  Drivers\STM32F4xx_HAL_Driver\stm32f4xx_hal_flash_ex.o
FPU_IRQHandler                                    Example\TrueSTUDIO\startup_stm32f401xe.o
GPIO_PIN                                          Example\User\stm32f4xx_nucleo.o
GPIO_PORT                                         Example\User\stm32f4xx_nucleo.o
HAL_ADCEx_InjectedConfigChannel                   Drivers\STM32F4xx_HAL_Driver\stm32f4xx_hal_adc_ex.o
HAL_ADCEx_InjectedConvCpltCallback                Drivers\STM32F4xx_HAL_Driver\stm32f4xx_hal_adc_ex.o
                                                  Drivers\STM32F4xx_HAL_Driver\stm32f4xx_hal_adc.o
HAL_ADCEx_InjectedGetValue                        Drivers\STM32F4xx_HAL_Driver\stm32f4xx_hal_adc_ex.o
HAL_ADCEx_InjectedPollForConversion               Drivers\STM32F4xx_HAL_Driver\stm32f4xx_hal_adc_ex.o
HAL_ADCEx_InjectedStart                           Drivers\STM32F4xx_HAL_Driver\stm32f4xx_hal_adc_ex.o
HAL_ADCEx_InjectedStart_IT                        Drivers\STM32F4xx_HAL_Driver\stm32f4xx_hal_adc_ex.o
HAL_ADCEx_InjectedStop                            Drivers\STM32F4xx_HAL_Driver\stm32f4xx_hal_adc_ex.o
HAL_ADCEx_InjectedStop_IT                         Drivers\STM32F4xx_HAL_Driver\stm32f4xx_hal_adc_ex.o
HAL_ADCEx_MultiModeConfigChannel                  Drivers\STM32F4xx_HAL_Driver\stm32f4xx_hal_adc_ex.o
HAL_ADCEx_MultiModeGetValue                       Drivers\STM32F4xx_HAL_Driver\stm32f4xx_hal_adc_ex.o
HAL_ADCEx_MultiModeStart_DMA                      Drivers\STM32F4xx_HAL_Driver\stm32f4xx_hal_adc_ex.o
HAL_ADCEx_MultiModeStop_DMA                       Drivers\STM32F4xx_HAL_Driver\stm32f4xx_hal_adc_ex.o
HAL_ADC_AnalogWDGConfig                           Drivers\STM32F4xx_HAL_Driver\stm32f4xx_hal_adc.o
HAL_ADC_ConfigChannel                             Drivers\STM32F4xx_HAL_Driver\stm32f4xx_hal_adc.o
                                                  Example\User\stm32f4xx_nucleo.o
HAL_ADC_ConvCpltCallback                          Drivers\STM32F4xx_HAL_Driver\stm32f4xx_hal_adc.o
                                                  Drivers\STM32F4xx_HAL_Driver\stm32f4xx_hal_adc_ex.o
HAL_ADC_ConvHalfCpltCallback                      Drivers\STM32F4xx_HAL_Driver\stm32f4xx_hal_adc.o
                                                  Drivers\STM32F4xx_HAL_Driver\stm32f4xx_hal_adc_ex.o
HAL_ADC_DeInit                                    Drivers\STM32F4xx_HAL_Driver\stm32f4xx_hal_adc.o
HAL_ADC_ErrorCallback                             Drivers\STM32F4xx_HAL_Driver\stm32f4xx_hal_adc.o
                                                  Drivers\STM32F4xx_HAL_Driver\stm32f4xx_hal_adc_ex.o
HAL_ADC_GetError                                  Drivers\STM32F4xx_HAL_Driver\stm32f4xx_hal_adc.o
HAL_ADC_GetState                                  Drivers\STM32F4xx_HAL_Driver\stm32f4xx_hal_adc.o
                                                  Example\User\stm32f4xx_nucleo.o
HAL_ADC_GetValue                                  Drivers\STM32F4xx_HAL_Driver\stm32f4xx_hal_adc.o
                                                  Example\User\stm32f4xx_nucleo.o
HAL_ADC_IRQHandler                                Drivers\STM32F4xx_HAL_Driver\stm32f4xx_hal_adc.o
HAL_ADC_Init                                      Drivers\STM32F4xx_HAL_Driver\stm32f4xx_hal_adc.o
                                                  Example\User\stm32f4xx_nucleo.o
HAL_ADC_LevelOutOfWindowCallback                  Drivers\STM32F4xx_HAL_Driver\stm32f4xx_hal_adc.o
HAL_ADC_MspDeInit                                 Drivers\STM32F4xx_HAL_Driver\stm32f4xx_hal_adc.o
HAL_ADC_MspInit                                   Drivers\STM32F4xx_HAL_Driver\stm32f4xx_hal_adc.o
HAL_ADC_PollForConversion                         Drivers\STM32F4xx_HAL_Driver\stm32f4xx_hal_adc.o
                                                  Example\User\stm32f4xx_nucleo.o
HAL_ADC_PollForEvent                              Drivers\STM32F4xx_HAL_Driver\stm32f4xx_hal_adc.o
HAL_ADC_Start                                     Drivers\STM32F4xx_HAL_Driver\stm32f4xx_hal_adc.o
                                                  Example\User\stm32f4xx_nucleo.o
HAL_ADC_Start_DMA                                 Drivers\STM32F4xx_HAL_Driver\stm32f4xx_hal_adc.o
HAL_ADC_Start_IT                                  Drivers\STM32F4xx_HAL_Driver\stm32f4xx_hal_adc.o
HAL_ADC_Stop                                      Drivers\STM32F4xx_HAL_Driver\stm32f4xx_hal_adc.o
HAL_ADC_Stop_DMA                                  Drivers\STM32F4xx_HAL_Driver\stm32f4xx_hal_adc.o
HAL_ADC_Stop_IT                                   Drivers\STM32F4xx_HAL_Driver\stm32f4xx_hal_adc.o
HAL_CRC_Accumulate                                Drivers\STM32F4xx_HAL_Driver\stm32f4xx_hal_crc.o
HAL_CRC_Calculate                                 Drivers\STM32F4xx_HAL_Driver\stm32f4xx_hal_crc.o
HAL_CRC_DeInit                                    Drivers\STM32F4xx_HAL_Driver\stm32f4xx_hal_crc.o
HAL_CRC_GetState                                  Drivers\STM32F4xx_HAL_Driver\stm32f4xx_hal_crc.o
HAL_CRC_Init                                      Drivers\STM32F4xx_HAL_Driver\stm32f4xx_hal_crc.o
HAL_CRC_MspDeInit                                 Drivers\STM32F4xx_HAL_Driver\stm32f4xx_hal_crc.o
HAL_CRC_MspInit                                   Drivers\STM32F4xx_HAL_Driver\stm32f4xx_hal_crc.o
HAL_DBGMCU_DisableDBGSleepMode                    Drivers\STM32F4xx_HAL_Driver\stm32f4xx_hal.o
HAL_DBGMCU_DisableDBGStandbyMode                  Drivers\STM32F4xx_HAL_Driver\stm32f4xx_hal.o
HAL_DBGMCU_DisableDBGStopMode                     Drivers\STM32F4xx_HAL_Driver\stm32f4xx_hal.o
HAL_DBGMCU_EnableDBGSleepMode                     Drivers\STM32F4xx_HAL_Driver\stm32f4xx_hal.o
HAL_DBGMCU_EnableDBGStandbyMode                   Drivers\STM32F4xx_HAL_Driver\stm32f4xx_hal.o
HAL_DBGMCU_EnableDBGStopMode                      Drivers\STM32F4xx_HAL_Driver\stm32f4xx_hal.o
HAL_DMAEx_ChangeMemory                            Drivers\STM32F4xx_HAL_Driver\stm32f4xx_hal_dma_ex.o
HAL_DMAEx_MultiBufferStart                        Drivers\STM32F4xx_HAL_Driver\stm32f4xx_hal_dma_ex.o
HAL_DMAEx_MultiBufferStart_IT                     Drivers\STM32F4xx_HAL_Driver\stm32f4xx_hal_dma_ex.o
HAL_DMA_Abort                                     Drivers\STM32F4xx_HAL_Driver\stm32f4xx_hal_dma.o
                                                  Drivers\STM32F4xx_HAL_Driver\stm32f4xx_hal_usart.o
                                                  Drivers\STM32F4xx_HAL_Driver\stm32f4xx_hal_uart.o
                                                  Drivers\STM32F4xx_HAL_Driver\stm32f4xx_hal_tim.o
                                                  Drivers\STM32F4xx_HAL_Driver\stm32f4xx_hal_spi.o
                                                  Drivers\STM32F4xx_HAL_Driver\stm32f4xx_hal_sd.o
                                                  Drivers\STM32F4xx_HAL_Driver\stm32f4xx_hal_irda.o
                                                  Drivers\STM32F4xx_HAL_Driver\stm32f4xx_hal_i2s_ex.o
                                                  Drivers\STM32F4xx_HAL_Driver\stm32f4xx_hal_i2s.o
                                                  Drivers\STM32F4xx_HAL_Driver\stm32f4xx_hal_adc_ex.o
                                                  Drivers\STM32F4xx_HAL_Driver\stm32f4xx_hal_adc.o
HAL_DMA_DeInit                                    Drivers\STM32F4xx_HAL_Driver\stm32f4xx_hal_dma.o
HAL_DMA_GetError                                  Drivers\STM32F4xx_HAL_Driver\stm32f4xx_hal_dma.o
HAL_DMA_GetState                                  Drivers\STM32F4xx_HAL_Driver\stm32f4xx_hal_dma.o
HAL_DMA_IRQHandler                                Drivers\STM32F4xx_HAL_Driver\stm32f4xx_hal_dma.o
HAL_DMA_Init                                      Drivers\STM32F4xx_HAL_Driver\stm32f4xx_hal_dma.o
HAL_DMA_PollForTransfer                           Drivers\STM32F4xx_HAL_Driver\stm32f4xx_hal_dma.o
HAL_DMA_Start                                     Drivers\STM32F4xx_HAL_Driver\stm32f4xx_hal_dma.o
HAL_DMA_Start_IT                                  Drivers\STM32F4xx_HAL_Driver\stm32f4xx_hal_dma.o
                                                  Drivers\STM32F4xx_HAL_Driver\stm32f4xx_hal_usart.o
                                                  Drivers\STM32F4xx_HAL_Driver\stm32f4xx_hal_uart.o
                                                  Drivers\STM32F4xx_HAL_Driver\stm32f4xx_hal_tim_ex.o
                                                  Drivers\STM32F4xx_HAL_Driver\stm32f4xx_hal_tim.o
                                                  Drivers\STM32F4xx_HAL_Driver\stm32f4xx_hal_spi.o
                                                  Drivers\STM32F4xx_HAL_Driver\stm32f4xx_hal_smartcard.o
                                                  Drivers\STM32F4xx_HAL_Driver\stm32f4xx_hal_sd.o
                                                  Drivers\STM32F4xx_HAL_Driver\stm32f4xx_hal_irda.o
                                                  Drivers\STM32F4xx_HAL_Driver\stm32f4xx_hal_i2s_ex.o
                                                  Drivers\STM32F4xx_HAL_Driver\stm32f4xx_hal_i2s.o
                                                  Drivers\STM32F4xx_HAL_Driver\stm32f4xx_hal_i2c.o
                                                  Drivers\STM32F4xx_HAL_Driver\stm32f4xx_hal_adc_ex.o
                                                  Drivers\STM32F4xx_HAL_Driver\stm32f4xx_hal_adc.o
HAL_DeInit                                        Drivers\STM32F4xx_HAL_Driver\stm32f4xx_hal.o
HAL_Delay                                         Drivers\STM32F4xx_HAL_Driver\stm32f4xx_hal.o
                                                  Example\User\stm32f4xx_nucleo.o
                                                  Example\User\main.o
                                                  Drivers\STM32F4xx_HAL_Driver\stm32f4xx_ll_usb.o
                                                  Drivers\STM32F4xx_HAL_Driver\stm32f4xx_hal_sd.o
HAL_DisableCompensationCell                       Drivers\STM32F4xx_HAL_Driver\stm32f4xx_hal.o
HAL_EnableCompensationCell                        Drivers\STM32F4xx_HAL_Driver\stm32f4xx_hal.o
HAL_FLASHEx_AdvOBGetConfig                        Drivers\STM32F4xx_HAL_Driver\stm32f4xx_hal_flash_ex.o
HAL_FLASHEx_AdvOBProgram                          Drivers\STM32F4xx_HAL_Driver\stm32f4xx_hal_flash_ex.o
HAL_FLASHEx_Erase                                 Drivers\STM32F4xx_HAL_Driver\stm32f4xx_hal_flash_ex.o
HAL_FLASHEx_Erase_IT                              Drivers\STM32F4xx_HAL_Driver\stm32f4xx_hal_flash_ex.o
HAL_FLASHEx_OBGetConfig                           Drivers\STM32F4xx_HAL_Driver\stm32f4xx_hal_flash_ex.o
HAL_FLASHEx_OBProgram                             Drivers\STM32F4xx_HAL_Driver\stm32f4xx_hal_flash_ex.o
HAL_FLASHEx_OB_DeSelectPCROP                      Drivers\STM32F4xx_HAL_Driver\stm32f4xx_hal_flash_ex.o
HAL_FLASHEx_OB_SelectPCROP                        Drivers\STM32F4xx_HAL_Driver\stm32f4xx_hal_flash_ex.o
HAL_FLASH_EndOfOperationCallback                  Drivers\STM32F4xx_HAL_Driver\stm32f4xx_hal_flash.o
HAL_FLASH_GetError                                Drivers\STM32F4xx_HAL_Driver\stm32f4xx_hal_flash.o
HAL_FLASH_IRQHandler                              Drivers\STM32F4xx_HAL_Driver\stm32f4xx_hal_flash.o
HAL_FLASH_Lock                                    Drivers\STM32F4xx_HAL_Driver\stm32f4xx_hal_flash.o
HAL_FLASH_OB_Launch                               Drivers\STM32F4xx_HAL_Driver\stm32f4xx_hal_flash.o
HAL_FLASH_OB_Lock                                 Drivers\STM32F4xx_HAL_Driver\stm32f4xx_hal_flash.o
HAL_FLASH_OB_Unlock                               Drivers\STM32F4xx_HAL_Driver\stm32f4xx_hal_flash.o
HAL_FLASH_OperationErrorCallback                  Drivers\STM32F4xx_HAL_Driver\stm32f4xx_hal_flash.o
HAL_FLASH_Program                                 Drivers\STM32F4xx_HAL_Driver\stm32f4xx_hal_flash.o
HAL_FLASH_Program_IT                              Drivers\STM32F4xx_HAL_Driver\stm32f4xx_hal_flash.o
HAL_FLASH_Unlock                                  Drivers\STM32F4xx_HAL_Driver\stm32f4xx_hal_flash.o
HAL_GPIO_DeInit                                   Drivers\STM32F4xx_HAL_Driver\stm32f4xx_hal_gpio.o
HAL_GPIO_EXTI_Callback                            Drivers\STM32F4xx_HAL_Driver\stm32f4xx_hal_gpio.o
HAL_GPIO_EXTI_IRQHandler                          Drivers\STM32F4xx_HAL_Driver\stm32f4xx_hal_gpio.o
HAL_GPIO_Init                                     Drivers\STM32F4xx_HAL_Driver\stm32f4xx_hal_gpio.o
                                                  Example\User\stm32f4xx_nucleo.o
                                                  Drivers\STM32F4xx_HAL_Driver\stm32f4xx_hal_rcc.o
HAL_GPIO_LockPin                                  Drivers\STM32F4xx_HAL_Driver\stm32f4xx_hal_gpio.o
HAL_GPIO_ReadPin                                  Drivers\STM32F4xx_HAL_Driver\stm32f4xx_hal_gpio.o
                                                  Example\User\stm32f4xx_nucleo.o
HAL_GPIO_TogglePin                                Drivers\STM32F4xx_HAL_Driver\stm32f4xx_hal_gpio.o
                                                  Example\User\stm32f4xx_nucleo.o
HAL_GPIO_WritePin                                 Drivers\STM32F4xx_HAL_Driver\stm32f4xx_hal_gpio.o
                                                  Example\User\stm32f4xx_nucleo.o
HAL_GetDEVID                                      Drivers\STM32F4xx_HAL_Driver\stm32f4xx_hal.o
HAL_GetHalVersion                                 Drivers\STM32F4xx_HAL_Driver\stm32f4xx_hal.o
HAL_GetREVID                                      Drivers\STM32F4xx_HAL_Driver\stm32f4xx_hal.o
HAL_GetTick                                       Drivers\STM32F4xx_HAL_Driver\stm32f4xx_hal.o
                                                  Drivers\STM32F4xx_HAL_Driver\stm32f4xx_hal_usart.o
                                                  Drivers\STM32F4xx_HAL_Driver\stm32f4xx_hal_uart.o
                                                  Drivers\STM32F4xx_HAL_Driver\stm32f4xx_hal_spi.o
                                                  Drivers\STM32F4xx_HAL_Driver\stm32f4xx_hal_smartcard.o
                                                  Drivers\STM32F4xx_HAL_Driver\stm32f4xx_hal_rtc_ex.o
                                                  Drivers\STM32F4xx_HAL_Driver\stm32f4xx_hal_rtc.o
                                                  Drivers\STM32F4xx_HAL_Driver\stm32f4xx_hal_rcc_ex.o
                                                  Drivers\STM32F4xx_HAL_Driver\stm32f4xx_hal_rcc.o
                                                  Drivers\STM32F4xx_HAL_Driver\stm32f4xx_hal_pwr_ex.o
                                                  Drivers\STM32F4xx_HAL_Driver\stm32f4xx_hal_iwdg.o
                                                  Drivers\STM32F4xx_HAL_Driver\stm32f4xx_hal_irda.o
                                                  Drivers\STM32F4xx_HAL_Driver\stm32f4xx_hal_i2s_ex.o
                                                  Drivers\STM32F4xx_HAL_Driver\stm32f4xx_hal_i2s.o
                                                  Drivers\STM32F4xx_HAL_Driver\stm32f4xx_hal_i2c.o
                                                  Drivers\STM32F4xx_HAL_Driver\stm32f4xx_hal_flash.o
                                                  Drivers\STM32F4xx_HAL_Driver\stm32f4xx_hal_dma.o
                                                  Drivers\STM32F4xx_HAL_Driver\stm32f4xx_hal_adc_ex.o
                                                  Drivers\STM32F4xx_HAL_Driver\stm32f4xx_hal_adc.o
HAL_HCD_Connect_Callback                          Drivers\STM32F4xx_HAL_Driver\stm32f4xx_hal_hcd.o
HAL_HCD_DeInit                                    Drivers\STM32F4xx_HAL_Driver\stm32f4xx_hal_hcd.o
HAL_HCD_Disconnect_Callback                       Drivers\STM32F4xx_HAL_Driver\stm32f4xx_hal_hcd.o
HAL_HCD_GetCurrentFrame                           Drivers\STM32F4xx_HAL_Driver\stm32f4xx_hal_hcd.o
HAL_HCD_GetCurrentSpeed                           Drivers\STM32F4xx_HAL_Driver\stm32f4xx_hal_hcd.o
HAL_HCD_GetState                                  Drivers\STM32F4xx_HAL_Driver\stm32f4xx_hal_hcd.o
HAL_HCD_HC_GetState                               Drivers\STM32F4xx_HAL_Driver\stm32f4xx_hal_hcd.o
HAL_HCD_HC_GetURBState                            Drivers\STM32F4xx_HAL_Driver\stm32f4xx_hal_hcd.o
HAL_HCD_HC_GetXferCount                           Drivers\STM32F4xx_HAL_Driver\stm32f4xx_hal_hcd.o
HAL_HCD_HC_Halt                                   Drivers\STM32F4xx_HAL_Driver\stm32f4xx_hal_hcd.o
HAL_HCD_HC_Init                                   Drivers\STM32F4xx_HAL_Driver\stm32f4xx_hal_hcd.o
HAL_HCD_HC_NotifyURBChange_Callback               Drivers\STM32F4xx_HAL_Driver\stm32f4xx_hal_hcd.o
HAL_HCD_HC_SubmitRequest                          Drivers\STM32F4xx_HAL_Driver\stm32f4xx_hal_hcd.o
HAL_HCD_IRQHandler                                Drivers\STM32F4xx_HAL_Driver\stm32f4xx_hal_hcd.o
HAL_HCD_Init                                      Drivers\STM32F4xx_HAL_Driver\stm32f4xx_hal_hcd.o
HAL_HCD_MspDeInit                                 Drivers\STM32F4xx_HAL_Driver\stm32f4xx_hal_hcd.o
HAL_HCD_MspInit                                   Drivers\STM32F4xx_HAL_Driver\stm32f4xx_hal_hcd.o
HAL_HCD_ResetPort                                 Drivers\STM32F4xx_HAL_Driver\stm32f4xx_hal_hcd.o
HAL_HCD_SOF_Callback                              Drivers\STM32F4xx_HAL_Driver\stm32f4xx_hal_hcd.o
HAL_HCD_Start                                     Drivers\STM32F4xx_HAL_Driver\stm32f4xx_hal_hcd.o
HAL_HCD_Stop                                      Drivers\STM32F4xx_HAL_Driver\stm32f4xx_hal_hcd.o
HAL_HalfDuplex_EnableReceiver                     Drivers\STM32F4xx_HAL_Driver\stm32f4xx_hal_uart.o
HAL_HalfDuplex_EnableTransmitter                  Drivers\STM32F4xx_HAL_Driver\stm32f4xx_hal_uart.o
HAL_HalfDuplex_Init                               Drivers\STM32F4xx_HAL_Driver\stm32f4xx_hal_uart.o
HAL_I2CEx_ConfigAnalogFilter                      Drivers\STM32F4xx_HAL_Driver\stm32f4xx_hal_i2c_ex.o
HAL_I2CEx_ConfigDigitalFilter                     Drivers\STM32F4xx_HAL_Driver\stm32f4xx_hal_i2c_ex.o
HAL_I2C_DeInit                                    Drivers\STM32F4xx_HAL_Driver\stm32f4xx_hal_i2c.o
HAL_I2C_ER_IRQHandler                             Drivers\STM32F4xx_HAL_Driver\stm32f4xx_hal_i2c.o
HAL_I2C_EV_IRQHandler                             Drivers\STM32F4xx_HAL_Driver\stm32f4xx_hal_i2c.o
HAL_I2C_ErrorCallback                             Drivers\STM32F4xx_HAL_Driver\stm32f4xx_hal_i2c.o
HAL_I2C_GetError                                  Drivers\STM32F4xx_HAL_Driver\stm32f4xx_hal_i2c.o
HAL_I2C_GetState                                  Drivers\STM32F4xx_HAL_Driver\stm32f4xx_hal_i2c.o
HAL_I2C_Init                                      Drivers\STM32F4xx_HAL_Driver\stm32f4xx_hal_i2c.o
HAL_I2C_IsDeviceReady                             Drivers\STM32F4xx_HAL_Driver\stm32f4xx_hal_i2c.o
HAL_I2C_MasterRxCpltCallback                      Drivers\STM32F4xx_HAL_Driver\stm32f4xx_hal_i2c.o
HAL_I2C_MasterTxCpltCallback                      Drivers\STM32F4xx_HAL_Driver\stm32f4xx_hal_i2c.o
HAL_I2C_Master_Receive                            Drivers\STM32F4xx_HAL_Driver\stm32f4xx_hal_i2c.o
HAL_I2C_Master_Receive_DMA                        Drivers\STM32F4xx_HAL_Driver\stm32f4xx_hal_i2c.o
HAL_I2C_Master_Receive_IT                         Drivers\STM32F4xx_HAL_Driver\stm32f4xx_hal_i2c.o
HAL_I2C_Master_Transmit                           Drivers\STM32F4xx_HAL_Driver\stm32f4xx_hal_i2c.o
HAL_I2C_Master_Transmit_DMA                       Drivers\STM32F4xx_HAL_Driver\stm32f4xx_hal_i2c.o
HAL_I2C_Master_Transmit_IT                        Drivers\STM32F4xx_HAL_Driver\stm32f4xx_hal_i2c.o
HAL_I2C_MemRxCpltCallback                         Drivers\STM32F4xx_HAL_Driver\stm32f4xx_hal_i2c.o
HAL_I2C_MemTxCpltCallback                         Drivers\STM32F4xx_HAL_Driver\stm32f4xx_hal_i2c.o
HAL_I2C_Mem_Read                                  Drivers\STM32F4xx_HAL_Driver\stm32f4xx_hal_i2c.o
HAL_I2C_Mem_Read_DMA                              Drivers\STM32F4xx_HAL_Driver\stm32f4xx_hal_i2c.o
HAL_I2C_Mem_Read_IT                               Drivers\STM32F4xx_HAL_Driver\stm32f4xx_hal_i2c.o
HAL_I2C_Mem_Write                                 Drivers\STM32F4xx_HAL_Driver\stm32f4xx_hal_i2c.o
HAL_I2C_Mem_Write_DMA                             Drivers\STM32F4xx_HAL_Driver\stm32f4xx_hal_i2c.o
HAL_I2C_Mem_Write_IT                              Drivers\STM32F4xx_HAL_Driver\stm32f4xx_hal_i2c.o
HAL_I2C_MspDeInit                                 Drivers\STM32F4xx_HAL_Driver\stm32f4xx_hal_i2c.o
HAL_I2C_MspInit                                   Drivers\STM32F4xx_HAL_Driver\stm32f4xx_hal_i2c.o
HAL_I2C_SlaveRxCpltCallback                       Drivers\STM32F4xx_HAL_Driver\stm32f4xx_hal_i2c.o
HAL_I2C_SlaveTxCpltCallback                       Drivers\STM32F4xx_HAL_Driver\stm32f4xx_hal_i2c.o
HAL_I2C_Slave_Receive                             Drivers\STM32F4xx_HAL_Driver\stm32f4xx_hal_i2c.o
HAL_I2C_Slave_Receive_DMA                         Drivers\STM32F4xx_HAL_Driver\stm32f4xx_hal_i2c.o
HAL_I2C_Slave_Receive_IT                          Drivers\STM32F4xx_HAL_Driver\stm32f4xx_hal_i2c.o
HAL_I2C_Slave_Transmit                            Drivers\STM32F4xx_HAL_Driver\stm32f4xx_hal_i2c.o
HAL_I2C_Slave_Transmit_DMA                        Drivers\STM32F4xx_HAL_Driver\stm32f4xx_hal_i2c.o
HAL_I2C_Slave_Transmit_IT                         Drivers\STM32F4xx_HAL_Driver\stm32f4xx_hal_i2c.o
HAL_I2SEx_TransmitReceive                         Drivers\STM32F4xx_HAL_Driver\stm32f4xx_hal_i2s_ex.o
HAL_I2SEx_TransmitReceive_DMA                     Drivers\STM32F4xx_HAL_Driver\stm32f4xx_hal_i2s_ex.o
HAL_I2SEx_TransmitReceive_IT                      Drivers\STM32F4xx_HAL_Driver\stm32f4xx_hal_i2s_ex.o
HAL_I2S_DMAPause                                  Drivers\STM32F4xx_HAL_Driver\stm32f4xx_hal_i2s_ex.o
                                                  Drivers\STM32F4xx_HAL_Driver\stm32f4xx_hal_i2s.o
HAL_I2S_DMAResume                                 Drivers\STM32F4xx_HAL_Driver\stm32f4xx_hal_i2s_ex.o
                                                  Drivers\STM32F4xx_HAL_Driver\stm32f4xx_hal_i2s.o
HAL_I2S_DMAStop                                   Drivers\STM32F4xx_HAL_Driver\stm32f4xx_hal_i2s_ex.o
                                                  Drivers\STM32F4xx_HAL_Driver\stm32f4xx_hal_i2s.o
HAL_I2S_DeInit                                    Drivers\STM32F4xx_HAL_Driver\stm32f4xx_hal_i2s.o
HAL_I2S_ErrorCallback                             Drivers\STM32F4xx_HAL_Driver\stm32f4xx_hal_i2s.o
                                                  Drivers\STM32F4xx_HAL_Driver\stm32f4xx_hal_i2s_ex.o
HAL_I2S_GetError                                  Drivers\STM32F4xx_HAL_Driver\stm32f4xx_hal_i2s.o
HAL_I2S_GetState                                  Drivers\STM32F4xx_HAL_Driver\stm32f4xx_hal_i2s.o
HAL_I2S_IRQHandler                                Drivers\STM32F4xx_HAL_Driver\stm32f4xx_hal_i2s_ex.o
                                                  Drivers\STM32F4xx_HAL_Driver\stm32f4xx_hal_i2s.o
HAL_I2S_Init                                      Drivers\STM32F4xx_HAL_Driver\stm32f4xx_hal_i2s_ex.o
                                                  Drivers\STM32F4xx_HAL_Driver\stm32f4xx_hal_i2s.o
HAL_I2S_MspDeInit                                 Drivers\STM32F4xx_HAL_Driver\stm32f4xx_hal_i2s.o
HAL_I2S_MspInit                                   Drivers\STM32F4xx_HAL_Driver\stm32f4xx_hal_i2s.o
                                                  Drivers\STM32F4xx_HAL_Driver\stm32f4xx_hal_i2s_ex.o
HAL_I2S_Receive                                   Drivers\STM32F4xx_HAL_Driver\stm32f4xx_hal_i2s.o
HAL_I2S_Receive_DMA                               Drivers\STM32F4xx_HAL_Driver\stm32f4xx_hal_i2s.o
HAL_I2S_Receive_IT                                Drivers\STM32F4xx_HAL_Driver\stm32f4xx_hal_i2s.o
HAL_I2S_RxCpltCallback                            Drivers\STM32F4xx_HAL_Driver\stm32f4xx_hal_i2s.o
                                                  Drivers\STM32F4xx_HAL_Driver\stm32f4xx_hal_i2s_ex.o
HAL_I2S_RxHalfCpltCallback                        Drivers\STM32F4xx_HAL_Driver\stm32f4xx_hal_i2s.o
HAL_I2S_Transmit                                  Drivers\STM32F4xx_HAL_Driver\stm32f4xx_hal_i2s.o
HAL_I2S_Transmit_DMA                              Drivers\STM32F4xx_HAL_Driver\stm32f4xx_hal_i2s.o
HAL_I2S_Transmit_IT                               Drivers\STM32F4xx_HAL_Driver\stm32f4xx_hal_i2s.o
HAL_I2S_TxCpltCallback                            Drivers\STM32F4xx_HAL_Driver\stm32f4xx_hal_i2s.o
                                                  Drivers\STM32F4xx_HAL_Driver\stm32f4xx_hal_i2s_ex.o
HAL_I2S_TxHalfCpltCallback                        Drivers\STM32F4xx_HAL_Driver\stm32f4xx_hal_i2s.o
HAL_IRDA_DMAPause                                 Drivers\STM32F4xx_HAL_Driver\stm32f4xx_hal_irda.o
HAL_IRDA_DMAResume                                Drivers\STM32F4xx_HAL_Driver\stm32f4xx_hal_irda.o
HAL_IRDA_DMAStop                                  Drivers\STM32F4xx_HAL_Driver\stm32f4xx_hal_irda.o
HAL_IRDA_DeInit                                   Drivers\STM32F4xx_HAL_Driver\stm32f4xx_hal_irda.o
HAL_IRDA_ErrorCallback                            Drivers\STM32F4xx_HAL_Driver\stm32f4xx_hal_irda.o
HAL_IRDA_GetError                                 Drivers\STM32F4xx_HAL_Driver\stm32f4xx_hal_irda.o
HAL_IRDA_GetState                                 Drivers\STM32F4xx_HAL_Driver\stm32f4xx_hal_irda.o
HAL_IRDA_IRQHandler                               Drivers\STM32F4xx_HAL_Driver\stm32f4xx_hal_irda.o
HAL_IRDA_Init                                     Drivers\STM32F4xx_HAL_Driver\stm32f4xx_hal_irda.o
HAL_IRDA_MspDeInit                                Drivers\STM32F4xx_HAL_Driver\stm32f4xx_hal_irda.o
HAL_IRDA_MspInit                                  Drivers\STM32F4xx_HAL_Driver\stm32f4xx_hal_irda.o
HAL_IRDA_Receive                                  Drivers\STM32F4xx_HAL_Driver\stm32f4xx_hal_irda.o
HAL_IRDA_Receive_DMA                              Drivers\STM32F4xx_HAL_Driver\stm32f4xx_hal_irda.o
HAL_IRDA_Receive_IT                               Drivers\STM32F4xx_HAL_Driver\stm32f4xx_hal_irda.o
HAL_IRDA_RxCpltCallback                           Drivers\STM32F4xx_HAL_Driver\stm32f4xx_hal_irda.o
HAL_IRDA_RxHalfCpltCallback                       Drivers\STM32F4xx_HAL_Driver\stm32f4xx_hal_irda.o
HAL_IRDA_Transmit                                 Drivers\STM32F4xx_HAL_Driver\stm32f4xx_hal_irda.o
HAL_IRDA_Transmit_DMA                             Drivers\STM32F4xx_HAL_Driver\stm32f4xx_hal_irda.o
HAL_IRDA_Transmit_IT                              Drivers\STM32F4xx_HAL_Driver\stm32f4xx_hal_irda.o
HAL_IRDA_TxCpltCallback                           Drivers\STM32F4xx_HAL_Driver\stm32f4xx_hal_irda.o
HAL_IRDA_TxHalfCpltCallback                       Drivers\STM32F4xx_HAL_Driver\stm32f4xx_hal_irda.o
HAL_IWDG_GetState                                 Drivers\STM32F4xx_HAL_Driver\stm32f4xx_hal_iwdg.o
HAL_IWDG_Init                                     Drivers\STM32F4xx_HAL_Driver\stm32f4xx_hal_iwdg.o
HAL_IWDG_MspInit                                  Drivers\STM32F4xx_HAL_Driver\stm32f4xx_hal_iwdg.o
HAL_IWDG_Refresh                                  Drivers\STM32F4xx_HAL_Driver\stm32f4xx_hal_iwdg.o
HAL_IWDG_Start                                    Drivers\STM32F4xx_HAL_Driver\stm32f4xx_hal_iwdg.o
HAL_IncTick                                       Drivers\STM32F4xx_HAL_Driver\stm32f4xx_hal.o
                                                  Example\User\stm32f4xx_it.o
HAL_Init                                          Drivers\STM32F4xx_HAL_Driver\stm32f4xx_hal.o
                                                  Example\User\main.o
HAL_InitTick                                      Drivers\STM32F4xx_HAL_Driver\stm32f4xx_hal.o
                                                  Drivers\STM32F4xx_HAL_Driver\stm32f4xx_hal_rcc.o
HAL_LIN_Init                                      Drivers\STM32F4xx_HAL_Driver\stm32f4xx_hal_uart.o
HAL_LIN_SendBreak                                 Drivers\STM32F4xx_HAL_Driver\stm32f4xx_hal_uart.o
HAL_MPU_ConfigRegion                              Drivers\STM32F4xx_HAL_Driver\stm32f4xx_hal_cortex.o
HAL_MspDeInit                                     Drivers\STM32F4xx_HAL_Driver\stm32f4xx_hal.o
HAL_MspInit                                       Drivers\STM32F4xx_HAL_Driver\stm32f4xx_hal.o
HAL_MultiProcessor_EnterMuteMode                  Drivers\STM32F4xx_HAL_Driver\stm32f4xx_hal_uart.o
HAL_MultiProcessor_ExitMuteMode                   Drivers\STM32F4xx_HAL_Driver\stm32f4xx_hal_uart.o
HAL_MultiProcessor_Init                           Drivers\STM32F4xx_HAL_Driver\stm32f4xx_hal_uart.o
HAL_NVIC_ClearPendingIRQ                          Drivers\STM32F4xx_HAL_Driver\stm32f4xx_hal_cortex.o
HAL_NVIC_DisableIRQ                               Drivers\STM32F4xx_HAL_Driver\stm32f4xx_hal_cortex.o
HAL_NVIC_EnableIRQ                                Drivers\STM32F4xx_HAL_Driver\stm32f4xx_hal_cortex.o
                                                  Example\User\stm32f4xx_nucleo.o
HAL_NVIC_GetActive                                Drivers\STM32F4xx_HAL_Driver\stm32f4xx_hal_cortex.o
HAL_NVIC_GetPendingIRQ                            Drivers\STM32F4xx_HAL_Driver\stm32f4xx_hal_cortex.o
HAL_NVIC_GetPriority                              Drivers\STM32F4xx_HAL_Driver\stm32f4xx_hal_cortex.o
HAL_NVIC_GetPriorityGrouping                      Drivers\STM32F4xx_HAL_Driver\stm32f4xx_hal_cortex.o
HAL_NVIC_SetPendingIRQ                            Drivers\STM32F4xx_HAL_Driver\stm32f4xx_hal_cortex.o
HAL_NVIC_SetPriority                              Drivers\STM32F4xx_HAL_Driver\stm32f4xx_hal_cortex.o
                                                  Example\User\stm32f4xx_nucleo.o
                                                  Drivers\STM32F4xx_HAL_Driver\stm32f4xx_hal.o
HAL_NVIC_SetPriorityGrouping                      Drivers\STM32F4xx_HAL_Driver\stm32f4xx_hal_cortex.o
                                                  Drivers\STM32F4xx_HAL_Driver\stm32f4xx_hal.o
HAL_NVIC_SystemReset                              Drivers\STM32F4xx_HAL_Driver\stm32f4xx_hal_cortex.o
HAL_PCDEx_SetRxFiFo                               Drivers\STM32F4xx_HAL_Driver\stm32f4xx_hal_pcd_ex.o
HAL_PCDEx_SetTxFiFo                               Drivers\STM32F4xx_HAL_Driver\stm32f4xx_hal_pcd_ex.o
HAL_PCD_ActivateRemoteWakeup                      Drivers\STM32F4xx_HAL_Driver\stm32f4xx_hal_pcd.o
HAL_PCD_ConnectCallback                           Drivers\STM32F4xx_HAL_Driver\stm32f4xx_hal_pcd.o
HAL_PCD_DataInStageCallback                       Drivers\STM32F4xx_HAL_Driver\stm32f4xx_hal_pcd.o
HAL_PCD_DataOutStageCallback                      Drivers\STM32F4xx_HAL_Driver\stm32f4xx_hal_pcd.o
HAL_PCD_DeActivateRemoteWakeup                    Drivers\STM32F4xx_HAL_Driver\stm32f4xx_hal_pcd.o
HAL_PCD_DeInit                                    Drivers\STM32F4xx_HAL_Driver\stm32f4xx_hal_pcd.o
HAL_PCD_DevConnect                                Drivers\STM32F4xx_HAL_Driver\stm32f4xx_hal_pcd.o
HAL_PCD_DevDisconnect                             Drivers\STM32F4xx_HAL_Driver\stm32f4xx_hal_pcd.o
HAL_PCD_DisconnectCallback                        Drivers\STM32F4xx_HAL_Driver\stm32f4xx_hal_pcd.o
HAL_PCD_EP_Close                                  Drivers\STM32F4xx_HAL_Driver\stm32f4xx_hal_pcd.o
HAL_PCD_EP_ClrStall                               Drivers\STM32F4xx_HAL_Driver\stm32f4xx_hal_pcd.o
HAL_PCD_EP_Flush                                  Drivers\STM32F4xx_HAL_Driver\stm32f4xx_hal_pcd.o
HAL_PCD_EP_GetRxCount                             Drivers\STM32F4xx_HAL_Driver\stm32f4xx_hal_pcd.o
HAL_PCD_EP_Open                                   Drivers\STM32F4xx_HAL_Driver\stm32f4xx_hal_pcd.o
HAL_PCD_EP_Receive                                Drivers\STM32F4xx_HAL_Driver\stm32f4xx_hal_pcd.o
HAL_PCD_EP_SetStall                               Drivers\STM32F4xx_HAL_Driver\stm32f4xx_hal_pcd.o
HAL_PCD_EP_Transmit                               Drivers\STM32F4xx_HAL_Driver\stm32f4xx_hal_pcd.o
HAL_PCD_GetState                                  Drivers\STM32F4xx_HAL_Driver\stm32f4xx_hal_pcd.o
HAL_PCD_IRQHandler                                Drivers\STM32F4xx_HAL_Driver\stm32f4xx_hal_pcd.o
HAL_PCD_ISOINIncompleteCallback                   Drivers\STM32F4xx_HAL_Driver\stm32f4xx_hal_pcd.o
HAL_PCD_ISOOUTIncompleteCallback                  Drivers\STM32F4xx_HAL_Driver\stm32f4xx_hal_pcd.o
HAL_PCD_Init                                      Drivers\STM32F4xx_HAL_Driver\stm32f4xx_hal_pcd.o
HAL_PCD_MspDeInit                                 Drivers\STM32F4xx_HAL_Driver\stm32f4xx_hal_pcd.o
HAL_PCD_MspInit                                   Drivers\STM32F4xx_HAL_Driver\stm32f4xx_hal_pcd.o
HAL_PCD_ResetCallback                             Drivers\STM32F4xx_HAL_Driver\stm32f4xx_hal_pcd.o
HAL_PCD_ResumeCallback                            Drivers\STM32F4xx_HAL_Driver\stm32f4xx_hal_pcd.o
HAL_PCD_SOFCallback                               Drivers\STM32F4xx_HAL_Driver\stm32f4xx_hal_pcd.o
HAL_PCD_SetAddress                                Drivers\STM32F4xx_HAL_Driver\stm32f4xx_hal_pcd.o
HAL_PCD_SetupStageCallback                        Drivers\STM32F4xx_HAL_Driver\stm32f4xx_hal_pcd.o
HAL_PCD_Start                                     Drivers\STM32F4xx_HAL_Driver\stm32f4xx_hal_pcd.o
HAL_PCD_Stop                                      Drivers\STM32F4xx_HAL_Driver\stm32f4xx_hal_pcd.o
HAL_PCD_SuspendCallback                           Drivers\STM32F4xx_HAL_Driver\stm32f4xx_hal_pcd.o
HAL_PWREx_ControlVoltageScaling                   Drivers\STM32F4xx_HAL_Driver\stm32f4xx_hal_pwr_ex.o
HAL_PWREx_DisableBkUpReg                          Drivers\STM32F4xx_HAL_Driver\stm32f4xx_hal_pwr_ex.o
HAL_PWREx_DisableFlashPowerDown                   Drivers\STM32F4xx_HAL_Driver\stm32f4xx_hal_pwr_ex.o
HAL_PWREx_DisableLowRegulatorLowVoltage           Drivers\STM32F4xx_HAL_Driver\stm32f4xx_hal_pwr_ex.o
HAL_PWREx_DisableMainRegulatorLowVoltage          Drivers\STM32F4xx_HAL_Driver\stm32f4xx_hal_pwr_ex.o
HAL_PWREx_EnableBkUpReg                           Drivers\STM32F4xx_HAL_Driver\stm32f4xx_hal_pwr_ex.o
HAL_PWREx_EnableFlashPowerDown                    Drivers\STM32F4xx_HAL_Driver\stm32f4xx_hal_pwr_ex.o
HAL_PWREx_EnableLowRegulatorLowVoltage            Drivers\STM32F4xx_HAL_Driver\stm32f4xx_hal_pwr_ex.o
HAL_PWREx_EnableMainRegulatorLowVoltage           Drivers\STM32F4xx_HAL_Driver\stm32f4xx_hal_pwr_ex.o
HAL_PWREx_GetVoltageRange                         Drivers\STM32F4xx_HAL_Driver\stm32f4xx_hal_pwr_ex.o
HAL_PWR_ConfigPVD                                 Drivers\STM32F4xx_HAL_Driver\stm32f4xx_hal_pwr.o
HAL_PWR_DeInit                                    Drivers\STM32F4xx_HAL_Driver\stm32f4xx_hal_pwr.o
HAL_PWR_DisableBkUpAccess                         Drivers\STM32F4xx_HAL_Driver\stm32f4xx_hal_pwr.o
HAL_PWR_DisablePVD                                Drivers\STM32F4xx_HAL_Driver\stm32f4xx_hal_pwr.o
HAL_PWR_DisableSEVOnPend                          Drivers\STM32F4xx_HAL_Driver\stm32f4xx_hal_pwr.o
HAL_PWR_DisableSleepOnExit                        Drivers\STM32F4xx_HAL_Driver\stm32f4xx_hal_pwr.o
HAL_PWR_DisableWakeUpPin                          Drivers\STM32F4xx_HAL_Driver\stm32f4xx_hal_pwr.o
HAL_PWR_EnableBkUpAccess                          Drivers\STM32F4xx_HAL_Driver\stm32f4xx_hal_pwr.o
HAL_PWR_EnablePVD                                 Drivers\STM32F4xx_HAL_Driver\stm32f4xx_hal_pwr.o
HAL_PWR_EnableSEVOnPend                           Drivers\STM32F4xx_HAL_Driver\stm32f4xx_hal_pwr.o
HAL_PWR_EnableSleepOnExit                         Drivers\STM32F4xx_HAL_Driver\stm32f4xx_hal_pwr.o
HAL_PWR_EnableWakeUpPin                           Drivers\STM32F4xx_HAL_Driver\stm32f4xx_hal_pwr.o
HAL_PWR_EnterSLEEPMode                            Drivers\STM32F4xx_HAL_Driver\stm32f4xx_hal_pwr.o
HAL_PWR_EnterSTANDBYMode                          Drivers\STM32F4xx_HAL_Driver\stm32f4xx_hal_pwr.o
HAL_PWR_EnterSTOPMode                             Drivers\STM32F4xx_HAL_Driver\stm32f4xx_hal_pwr.o
HAL_PWR_PVDCallback                               Drivers\STM32F4xx_HAL_Driver\stm32f4xx_hal_pwr.o
HAL_PWR_PVD_IRQHandler                            Drivers\STM32F4xx_HAL_Driver\stm32f4xx_hal_pwr.o
HAL_RCCEx_GetPeriphCLKConfig                      Drivers\STM32F4xx_HAL_Driver\stm32f4xx_hal_rcc_ex.o
HAL_RCCEx_PeriphCLKConfig                         Drivers\STM32F4xx_HAL_Driver\stm32f4xx_hal_rcc_ex.o
HAL_RCC_CSSCallback                               Drivers\STM32F4xx_HAL_Driver\stm32f4xx_hal_rcc.o
HAL_RCC_ClockConfig                               Drivers\STM32F4xx_HAL_Driver\stm32f4xx_hal_rcc.o
                                                  Example\User\main.o
HAL_RCC_DeInit                                    Drivers\STM32F4xx_HAL_Driver\stm32f4xx_hal_rcc_ex.o
                                                  Drivers\STM32F4xx_HAL_Driver\stm32f4xx_hal_rcc.o
HAL_RCC_DisableCSS                                Drivers\STM32F4xx_HAL_Driver\stm32f4xx_hal_rcc.o
HAL_RCC_EnableCSS                                 Drivers\STM32F4xx_HAL_Driver\stm32f4xx_hal_rcc.o
HAL_RCC_GetClockConfig                            Drivers\STM32F4xx_HAL_Driver\stm32f4xx_hal_rcc.o
HAL_RCC_GetHCLKFreq                               Drivers\STM32F4xx_HAL_Driver\stm32f4xx_hal_rcc.o
                                                  Drivers\STM32F4xx_HAL_Driver\stm32f4xx_hal.o
HAL_RCC_GetOscConfig                              Drivers\STM32F4xx_HAL_Driver\stm32f4xx_hal_rcc.o
HAL_RCC_GetPCLK1Freq                              Drivers\STM32F4xx_HAL_Driver\stm32f4xx_hal_rcc.o
                                                  Drivers\STM32F4xx_HAL_Driver\stm32f4xx_hal_usart.o
                                                  Drivers\STM32F4xx_HAL_Driver\stm32f4xx_hal_uart.o
                                                  Drivers\STM32F4xx_HAL_Driver\stm32f4xx_hal_smartcard.o
                                                  Drivers\STM32F4xx_HAL_Driver\stm32f4xx_hal_irda.o
                                                  Drivers\STM32F4xx_HAL_Driver\stm32f4xx_hal_i2c.o
HAL_RCC_GetPCLK2Freq                              Drivers\STM32F4xx_HAL_Driver\stm32f4xx_hal_rcc.o
                                                  Drivers\STM32F4xx_HAL_Driver\stm32f4xx_hal_usart.o
                                                  Drivers\STM32F4xx_HAL_Driver\stm32f4xx_hal_uart.o
                                                  Drivers\STM32F4xx_HAL_Driver\stm32f4xx_hal_smartcard.o
                                                  Drivers\STM32F4xx_HAL_Driver\stm32f4xx_hal_irda.o
HAL_RCC_GetSysClockFreq                           Drivers\STM32F4xx_HAL_Driver\stm32f4xx_hal_rcc.o
HAL_RCC_MCOConfig                                 Drivers\STM32F4xx_HAL_Driver\stm32f4xx_hal_rcc.o
HAL_RCC_NMI_IRQHandler                            Drivers\STM32F4xx_HAL_Driver\stm32f4xx_hal_rcc.o
HAL_RCC_OscConfig                                 Drivers\STM32F4xx_HAL_Driver\stm32f4xx_hal_rcc.o
                                                  Example\User\main.o
HAL_RTCEx_AlarmBEventCallback                     Drivers\STM32F4xx_HAL_Driver\stm32f4xx_hal_rtc_ex.o
                                                  Drivers\STM32F4xx_HAL_Driver\stm32f4xx_hal_rtc.o
HAL_RTCEx_BKUPRead                                Drivers\STM32F4xx_HAL_Driver\stm32f4xx_hal_rtc_ex.o
HAL_RTCEx_BKUPWrite                               Drivers\STM32F4xx_HAL_Driver\stm32f4xx_hal_rtc_ex.o
HAL_RTCEx_DeactivateCalibrationOutPut             Drivers\STM32F4xx_HAL_Driver\stm32f4xx_hal_rtc_ex.o
HAL_RTCEx_DeactivateCoarseCalib                   Drivers\STM32F4xx_HAL_Driver\stm32f4xx_hal_rtc_ex.o
HAL_RTCEx_DeactivateRefClock                      Drivers\STM32F4xx_HAL_Driver\stm32f4xx_hal_rtc_ex.o
HAL_RTCEx_DeactivateTamper                        Drivers\STM32F4xx_HAL_Driver\stm32f4xx_hal_rtc_ex.o
HAL_RTCEx_DeactivateTimeStamp                     Drivers\STM32F4xx_HAL_Driver\stm32f4xx_hal_rtc_ex.o
HAL_RTCEx_DeactivateWakeUpTimer                   Drivers\STM32F4xx_HAL_Driver\stm32f4xx_hal_rtc_ex.o
HAL_RTCEx_DisableBypassShadow                     Drivers\STM32F4xx_HAL_Driver\stm32f4xx_hal_rtc_ex.o
HAL_RTCEx_EnableBypassShadow                      Drivers\STM32F4xx_HAL_Driver\stm32f4xx_hal_rtc_ex.o
HAL_RTCEx_GetTimeStamp                            Drivers\STM32F4xx_HAL_Driver\stm32f4xx_hal_rtc_ex.o
HAL_RTCEx_GetWakeUpTimer                          Drivers\STM32F4xx_HAL_Driver\stm32f4xx_hal_rtc_ex.o
HAL_RTCEx_PollForAlarmBEvent                      Drivers\STM32F4xx_HAL_Driver\stm32f4xx_hal_rtc_ex.o
HAL_RTCEx_PollForTamper1Event                     Drivers\STM32F4xx_HAL_Driver\stm32f4xx_hal_rtc_ex.o
HAL_RTCEx_PollForTamper2Event                     Drivers\STM32F4xx_HAL_Driver\stm32f4xx_hal_rtc_ex.o
HAL_RTCEx_PollForTimeStampEvent                   Drivers\STM32F4xx_HAL_Driver\stm32f4xx_hal_rtc_ex.o
HAL_RTCEx_PollForWakeUpTimerEvent                 Drivers\STM32F4xx_HAL_Driver\stm32f4xx_hal_rtc_ex.o
HAL_RTCEx_SetCalibrationOutPut                    Drivers\STM32F4xx_HAL_Driver\stm32f4xx_hal_rtc_ex.o
HAL_RTCEx_SetCoarseCalib                          Drivers\STM32F4xx_HAL_Driver\stm32f4xx_hal_rtc_ex.o
HAL_RTCEx_SetRefClock                             Drivers\STM32F4xx_HAL_Driver\stm32f4xx_hal_rtc_ex.o
HAL_RTCEx_SetSmoothCalib                          Drivers\STM32F4xx_HAL_Driver\stm32f4xx_hal_rtc_ex.o
HAL_RTCEx_SetSynchroShift                         Drivers\STM32F4xx_HAL_Driver\stm32f4xx_hal_rtc_ex.o
HAL_RTCEx_SetTamper                               Drivers\STM32F4xx_HAL_Driver\stm32f4xx_hal_rtc_ex.o
HAL_RTCEx_SetTamper_IT                            Drivers\STM32F4xx_HAL_Driver\stm32f4xx_hal_rtc_ex.o
HAL_RTCEx_SetTimeStamp                            Drivers\STM32F4xx_HAL_Driver\stm32f4xx_hal_rtc_ex.o
HAL_RTCEx_SetTimeStamp_IT                         Drivers\STM32F4xx_HAL_Driver\stm32f4xx_hal_rtc_ex.o
HAL_RTCEx_SetWakeUpTimer                          Drivers\STM32F4xx_HAL_Driver\stm32f4xx_hal_rtc_ex.o
HAL_RTCEx_SetWakeUpTimer_IT                       Drivers\STM32F4xx_HAL_Driver\stm32f4xx_hal_rtc_ex.o
HAL_RTCEx_Tamper1EventCallback                    Drivers\STM32F4xx_HAL_Driver\stm32f4xx_hal_rtc_ex.o
HAL_RTCEx_Tamper2EventCallback                    Drivers\STM32F4xx_HAL_Driver\stm32f4xx_hal_rtc_ex.o
HAL_RTCEx_TamperTimeStampIRQHandler               Drivers\STM32F4xx_HAL_Driver\stm32f4xx_hal_rtc_ex.o
HAL_RTCEx_TimeStampEventCallback                  Drivers\STM32F4xx_HAL_Driver\stm32f4xx_hal_rtc_ex.o
HAL_RTCEx_WakeUpTimerEventCallback                Drivers\STM32F4xx_HAL_Driver\stm32f4xx_hal_rtc_ex.o
HAL_RTCEx_WakeUpTimerIRQHandler                   Drivers\STM32F4xx_HAL_Driver\stm32f4xx_hal_rtc_ex.o
HAL_RTC_AlarmAEventCallback                       Drivers\STM32F4xx_HAL_Driver\stm32f4xx_hal_rtc.o
HAL_RTC_AlarmIRQHandler                           Drivers\STM32F4xx_HAL_Driver\stm32f4xx_hal_rtc.o
HAL_RTC_DeInit                                    Drivers\STM32F4xx_HAL_Driver\stm32f4xx_hal_rtc.o
HAL_RTC_DeactivateAlarm                           Drivers\STM32F4xx_HAL_Driver\stm32f4xx_hal_rtc.o
HAL_RTC_GetAlarm                                  Drivers\STM32F4xx_HAL_Driver\stm32f4xx_hal_rtc.o
HAL_RTC_GetDate                                   Drivers\STM32F4xx_HAL_Driver\stm32f4xx_hal_rtc.o
HAL_RTC_GetState                                  Drivers\STM32F4xx_HAL_Driver\stm32f4xx_hal_rtc.o
HAL_RTC_GetTime                                   Drivers\STM32F4xx_HAL_Driver\stm32f4xx_hal_rtc.o
HAL_RTC_Init                                      Drivers\STM32F4xx_HAL_Driver\stm32f4xx_hal_rtc.o
HAL_RTC_MspDeInit                                 Drivers\STM32F4xx_HAL_Driver\stm32f4xx_hal_rtc.o
HAL_RTC_MspInit                                   Drivers\STM32F4xx_HAL_Driver\stm32f4xx_hal_rtc.o
HAL_RTC_PollForAlarmAEvent                        Drivers\STM32F4xx_HAL_Driver\stm32f4xx_hal_rtc.o
HAL_RTC_SetAlarm                                  Drivers\STM32F4xx_HAL_Driver\stm32f4xx_hal_rtc.o
HAL_RTC_SetAlarm_IT                               Drivers\STM32F4xx_HAL_Driver\stm32f4xx_hal_rtc.o
HAL_RTC_SetDate                                   Drivers\STM32F4xx_HAL_Driver\stm32f4xx_hal_rtc.o
HAL_RTC_SetTime                                   Drivers\STM32F4xx_HAL_Driver\stm32f4xx_hal_rtc.o
HAL_RTC_WaitForSynchro                            Drivers\STM32F4xx_HAL_Driver\stm32f4xx_hal_rtc.o
                                                  Drivers\STM32F4xx_HAL_Driver\stm32f4xx_hal_rtc_ex.o
HAL_ResumeTick                                    Drivers\STM32F4xx_HAL_Driver\stm32f4xx_hal.o
HAL_SD_CheckReadOperation                         Drivers\STM32F4xx_HAL_Driver\stm32f4xx_hal_sd.o
HAL_SD_CheckWriteOperation                        Drivers\STM32F4xx_HAL_Driver\stm32f4xx_hal_sd.o
HAL_SD_DMA_RxCpltCallback                         Drivers\STM32F4xx_HAL_Driver\stm32f4xx_hal_sd.o
HAL_SD_DMA_RxErrorCallback                        Drivers\STM32F4xx_HAL_Driver\stm32f4xx_hal_sd.o
HAL_SD_DMA_TxCpltCallback                         Drivers\STM32F4xx_HAL_Driver\stm32f4xx_hal_sd.o
HAL_SD_DMA_TxErrorCallback                        Drivers\STM32F4xx_HAL_Driver\stm32f4xx_hal_sd.o
HAL_SD_DeInit                                     Drivers\STM32F4xx_HAL_Driver\stm32f4xx_hal_sd.o
HAL_SD_Erase                                      Drivers\STM32F4xx_HAL_Driver\stm32f4xx_hal_sd.o
HAL_SD_GetCardStatus                              Drivers\STM32F4xx_HAL_Driver\stm32f4xx_hal_sd.o
HAL_SD_GetStatus                                  Drivers\STM32F4xx_HAL_Driver\stm32f4xx_hal_sd.o
HAL_SD_Get_CardInfo                               Drivers\STM32F4xx_HAL_Driver\stm32f4xx_hal_sd.o
HAL_SD_HighSpeed                                  Drivers\STM32F4xx_HAL_Driver\stm32f4xx_hal_sd.o
HAL_SD_IRQHandler                                 Drivers\STM32F4xx_HAL_Driver\stm32f4xx_hal_sd.o
HAL_SD_Init                                       Drivers\STM32F4xx_HAL_Driver\stm32f4xx_hal_sd.o
HAL_SD_MspDeInit                                  Drivers\STM32F4xx_HAL_Driver\stm32f4xx_hal_sd.o
HAL_SD_MspInit                                    Drivers\STM32F4xx_HAL_Driver\stm32f4xx_hal_sd.o
HAL_SD_ReadBlocks                                 Drivers\STM32F4xx_HAL_Driver\stm32f4xx_hal_sd.o
HAL_SD_ReadBlocks_DMA                             Drivers\STM32F4xx_HAL_Driver\stm32f4xx_hal_sd.o
HAL_SD_SendSDStatus                               Drivers\STM32F4xx_HAL_Driver\stm32f4xx_hal_sd.o
HAL_SD_StopTransfer                               Drivers\STM32F4xx_HAL_Driver\stm32f4xx_hal_sd.o
HAL_SD_WideBusOperation_Config                    Drivers\STM32F4xx_HAL_Driver\stm32f4xx_hal_sd.o
HAL_SD_WriteBlocks                                Drivers\STM32F4xx_HAL_Driver\stm32f4xx_hal_sd.o
HAL_SD_WriteBlocks_DMA                            Drivers\STM32F4xx_HAL_Driver\stm32f4xx_hal_sd.o
HAL_SD_XferCpltCallback                           Drivers\STM32F4xx_HAL_Driver\stm32f4xx_hal_sd.o
HAL_SD_XferErrorCallback                          Drivers\STM32F4xx_HAL_Driver\stm32f4xx_hal_sd.o
HAL_SMARTCARD_DeInit                              Drivers\STM32F4xx_HAL_Driver\stm32f4xx_hal_smartcard.o
HAL_SMARTCARD_ErrorCallback                       Drivers\STM32F4xx_HAL_Driver\stm32f4xx_hal_smartcard.o
HAL_SMARTCARD_GetError                            Drivers\STM32F4xx_HAL_Driver\stm32f4xx_hal_smartcard.o
HAL_SMARTCARD_GetState                            Drivers\STM32F4xx_HAL_Driver\stm32f4xx_hal_smartcard.o
HAL_SMARTCARD_IRQHandler                          Drivers\STM32F4xx_HAL_Driver\stm32f4xx_hal_smartcard.o
HAL_SMARTCARD_Init                                Drivers\STM32F4xx_HAL_Driver\stm32f4xx_hal_smartcard.o
HAL_SMARTCARD_MspDeInit                           Drivers\STM32F4xx_HAL_Driver\stm32f4xx_hal_smartcard.o
HAL_SMARTCARD_MspInit                             Drivers\STM32F4xx_HAL_Driver\stm32f4xx_hal_smartcard.o
HAL_SMARTCARD_Receive                             Drivers\STM32F4xx_HAL_Driver\stm32f4xx_hal_smartcard.o
HAL_SMARTCARD_Receive_DMA                         Drivers\STM32F4xx_HAL_Driver\stm32f4xx_hal_smartcard.o
HAL_SMARTCARD_Receive_IT                          Drivers\STM32F4xx_HAL_Driver\stm32f4xx_hal_smartcard.o
HAL_SMARTCARD_RxCpltCallback                      Drivers\STM32F4xx_HAL_Driver\stm32f4xx_hal_smartcard.o
HAL_SMARTCARD_Transmit                            Drivers\STM32F4xx_HAL_Driver\stm32f4xx_hal_smartcard.o
HAL_SMARTCARD_Transmit_DMA                        Drivers\STM32F4xx_HAL_Driver\stm32f4xx_hal_smartcard.o
HAL_SMARTCARD_Transmit_IT                         Drivers\STM32F4xx_HAL_Driver\stm32f4xx_hal_smartcard.o
HAL_SMARTCARD_TxCpltCallback                      Drivers\STM32F4xx_HAL_Driver\stm32f4xx_hal_smartcard.o
HAL_SPI_DMAPause                                  Drivers\STM32F4xx_HAL_Driver\stm32f4xx_hal_spi.o
HAL_SPI_DMAResume                                 Drivers\STM32F4xx_HAL_Driver\stm32f4xx_hal_spi.o
HAL_SPI_DMAStop                                   Drivers\STM32F4xx_HAL_Driver\stm32f4xx_hal_spi.o
HAL_SPI_DeInit                                    Drivers\STM32F4xx_HAL_Driver\stm32f4xx_hal_spi.o
                                                  Example\User\stm32f4xx_nucleo.o
HAL_SPI_ErrorCallback                             Drivers\STM32F4xx_HAL_Driver\stm32f4xx_hal_spi.o
HAL_SPI_GetError                                  Drivers\STM32F4xx_HAL_Driver\stm32f4xx_hal_spi.o
HAL_SPI_GetState                                  Drivers\STM32F4xx_HAL_Driver\stm32f4xx_hal_spi.o
                                                  Example\User\stm32f4xx_nucleo.o
HAL_SPI_IRQHandler                                Drivers\STM32F4xx_HAL_Driver\stm32f4xx_hal_spi.o
HAL_SPI_Init                                      Drivers\STM32F4xx_HAL_Driver\stm32f4xx_hal_spi.o
                                                  Example\User\stm32f4xx_nucleo.o
HAL_SPI_MspDeInit                                 Drivers\STM32F4xx_HAL_Driver\stm32f4xx_hal_spi.o
HAL_SPI_MspInit                                   Drivers\STM32F4xx_HAL_Driver\stm32f4xx_hal_spi.o
HAL_SPI_Receive                                   Drivers\STM32F4xx_HAL_Driver\stm32f4xx_hal_spi.o
                                                  Example\User\stm32f4xx_nucleo.o
HAL_SPI_Receive_DMA                               Drivers\STM32F4xx_HAL_Driver\stm32f4xx_hal_spi.o
HAL_SPI_Receive_IT                                Drivers\STM32F4xx_HAL_Driver\stm32f4xx_hal_spi.o
HAL_SPI_RxCpltCallback                            Drivers\STM32F4xx_HAL_Driver\stm32f4xx_hal_spi.o
HAL_SPI_RxHalfCpltCallback                        Drivers\STM32F4xx_HAL_Driver\stm32f4xx_hal_spi.o
HAL_SPI_Transmit                                  Drivers\STM32F4xx_HAL_Driver\stm32f4xx_hal_spi.o
                                                  Example\User\stm32f4xx_nucleo.o
HAL_SPI_TransmitReceive                           Drivers\STM32F4xx_HAL_Driver\stm32f4xx_hal_spi.o
                                                  Example\User\stm32f4xx_nucleo.o
HAL_SPI_TransmitReceive_DMA                       Drivers\STM32F4xx_HAL_Driver\stm32f4xx_hal_spi.o
HAL_SPI_TransmitReceive_IT                        Drivers\STM32F4xx_HAL_Driver\stm32f4xx_hal_spi.o
HAL_SPI_Transmit_DMA                              Drivers\STM32F4xx_HAL_Driver\stm32f4xx_hal_spi.o
HAL_SPI_Transmit_IT                               Drivers\STM32F4xx_HAL_Driver\stm32f4xx_hal_spi.o
HAL_SPI_TxCpltCallback                            Drivers\STM32F4xx_HAL_Driver\stm32f4xx_hal_spi.o
HAL_SPI_TxHalfCpltCallback                        Drivers\STM32F4xx_HAL_Driver\stm32f4xx_hal_spi.o
HAL_SPI_TxRxCpltCallback                          Drivers\STM32F4xx_HAL_Driver\stm32f4xx_hal_spi.o
HAL_SPI_TxRxHalfCpltCallback                      Drivers\STM32F4xx_HAL_Driver\stm32f4xx_hal_spi.o
HAL_SYSTICK_CLKSourceConfig                       Drivers\STM32F4xx_HAL_Driver\stm32f4xx_hal_cortex.o
HAL_SYSTICK_Callback                              Drivers\STM32F4xx_HAL_Driver\stm32f4xx_hal_cortex.o
HAL_SYSTICK_Config                                Drivers\STM32F4xx_HAL_Driver\stm32f4xx_hal_cortex.o
                                                  Drivers\STM32F4xx_HAL_Driver\stm32f4xx_hal.o
HAL_SYSTICK_IRQHandler                            Drivers\STM32F4xx_HAL_Driver\stm32f4xx_hal_cortex.o
HAL_SuspendTick                                   Drivers\STM32F4xx_HAL_Driver\stm32f4xx_hal.o
HAL_TIMEx_BreakCallback                           Drivers\STM32F4xx_HAL_Driver\stm32f4xx_hal_tim_ex.o
                                                  Drivers\STM32F4xx_HAL_Driver\stm32f4xx_hal_tim.o
HAL_TIMEx_CommutationCallback                     Drivers\STM32F4xx_HAL_Driver\stm32f4xx_hal_tim_ex.o
                                                  Drivers\STM32F4xx_HAL_Driver\stm32f4xx_hal_tim.o
HAL_TIMEx_ConfigBreakDeadTime                     Drivers\STM32F4xx_HAL_Driver\stm32f4xx_hal_tim_ex.o
HAL_TIMEx_ConfigCommutationEvent                  Drivers\STM32F4xx_HAL_Driver\stm32f4xx_hal_tim_ex.o
HAL_TIMEx_ConfigCommutationEvent_DMA              Drivers\STM32F4xx_HAL_Driver\stm32f4xx_hal_tim_ex.o
HAL_TIMEx_ConfigCommutationEvent_IT               Drivers\STM32F4xx_HAL_Driver\stm32f4xx_hal_tim_ex.o
HAL_TIMEx_HallSensor_DeInit                       Drivers\STM32F4xx_HAL_Driver\stm32f4xx_hal_tim_ex.o
HAL_TIMEx_HallSensor_GetState                     Drivers\STM32F4xx_HAL_Driver\stm32f4xx_hal_tim_ex.o
HAL_TIMEx_HallSensor_Init                         Drivers\STM32F4xx_HAL_Driver\stm32f4xx_hal_tim_ex.o
HAL_TIMEx_HallSensor_MspDeInit                    Drivers\STM32F4xx_HAL_Driver\stm32f4xx_hal_tim_ex.o
HAL_TIMEx_HallSensor_MspInit                      Drivers\STM32F4xx_HAL_Driver\stm32f4xx_hal_tim_ex.o
HAL_TIMEx_HallSensor_Start                        Drivers\STM32F4xx_HAL_Driver\stm32f4xx_hal_tim_ex.o
HAL_TIMEx_HallSensor_Start_DMA                    Drivers\STM32F4xx_HAL_Driver\stm32f4xx_hal_tim_ex.o
HAL_TIMEx_HallSensor_Start_IT                     Drivers\STM32F4xx_HAL_Driver\stm32f4xx_hal_tim_ex.o
HAL_TIMEx_HallSensor_Stop                         Drivers\STM32F4xx_HAL_Driver\stm32f4xx_hal_tim_ex.o
HAL_TIMEx_HallSensor_Stop_DMA                     Drivers\STM32F4xx_HAL_Driver\stm32f4xx_hal_tim_ex.o
HAL_TIMEx_HallSensor_Stop_IT                      Drivers\STM32F4xx_HAL_Driver\stm32f4xx_hal_tim_ex.o
HAL_TIMEx_MasterConfigSynchronization             Drivers\STM32F4xx_HAL_Driver\stm32f4xx_hal_tim_ex.o
HAL_TIMEx_OCN_Start                               Drivers\STM32F4xx_HAL_Driver\stm32f4xx_hal_tim_ex.o
HAL_TIMEx_OCN_Start_DMA                           Drivers\STM32F4xx_HAL_Driver\stm32f4xx_hal_tim_ex.o
HAL_TIMEx_OCN_Start_IT                            Drivers\STM32F4xx_HAL_Driver\stm32f4xx_hal_tim_ex.o
HAL_TIMEx_OCN_Stop                                Drivers\STM32F4xx_HAL_Driver\stm32f4xx_hal_tim_ex.o
HAL_TIMEx_OCN_Stop_DMA                            Drivers\STM32F4xx_HAL_Driver\stm32f4xx_hal_tim_ex.o
HAL_TIMEx_OCN_Stop_IT                             Drivers\STM32F4xx_HAL_Driver\stm32f4xx_hal_tim_ex.o
HAL_TIMEx_OnePulseN_Start                         Drivers\STM32F4xx_HAL_Driver\stm32f4xx_hal_tim_ex.o
HAL_TIMEx_OnePulseN_Start_IT                      Drivers\STM32F4xx_HAL_Driver\stm32f4xx_hal_tim_ex.o
HAL_TIMEx_OnePulseN_Stop                          Drivers\STM32F4xx_HAL_Driver\stm32f4xx_hal_tim_ex.o
HAL_TIMEx_OnePulseN_Stop_IT                       Drivers\STM32F4xx_HAL_Driver\stm32f4xx_hal_tim_ex.o
HAL_TIMEx_PWMN_Start                              Drivers\STM32F4xx_HAL_Driver\stm32f4xx_hal_tim_ex.o
HAL_TIMEx_PWMN_Start_DMA                          Drivers\STM32F4xx_HAL_Driver\stm32f4xx_hal_tim_ex.o
HAL_TIMEx_PWMN_Start_IT                           Drivers\STM32F4xx_HAL_Driver\stm32f4xx_hal_tim_ex.o
HAL_TIMEx_PWMN_Stop                               Drivers\STM32F4xx_HAL_Driver\stm32f4xx_hal_tim_ex.o
HAL_TIMEx_PWMN_Stop_DMA                           Drivers\STM32F4xx_HAL_Driver\stm32f4xx_hal_tim_ex.o
HAL_TIMEx_PWMN_Stop_IT                            Drivers\STM32F4xx_HAL_Driver\stm32f4xx_hal_tim_ex.o
HAL_TIMEx_RemapConfig                             Drivers\STM32F4xx_HAL_Driver\stm32f4xx_hal_tim_ex.o
HAL_TIM_Base_DeInit                               Drivers\STM32F4xx_HAL_Driver\stm32f4xx_hal_tim.o
HAL_TIM_Base_GetState                             Drivers\STM32F4xx_HAL_Driver\stm32f4xx_hal_tim.o
HAL_TIM_Base_Init                                 Drivers\STM32F4xx_HAL_Driver\stm32f4xx_hal_tim.o
HAL_TIM_Base_MspDeInit                            Drivers\STM32F4xx_HAL_Driver\stm32f4xx_hal_tim.o
HAL_TIM_Base_MspInit                              Drivers\STM32F4xx_HAL_Driver\stm32f4xx_hal_tim.o
HAL_TIM_Base_Start                                Drivers\STM32F4xx_HAL_Driver\stm32f4xx_hal_tim.o
HAL_TIM_Base_Start_DMA                            Drivers\STM32F4xx_HAL_Driver\stm32f4xx_hal_tim.o
HAL_TIM_Base_Start_IT                             Drivers\STM32F4xx_HAL_Driver\stm32f4xx_hal_tim.o
HAL_TIM_Base_Stop                                 Drivers\STM32F4xx_HAL_Driver\stm32f4xx_hal_tim.o
HAL_TIM_Base_Stop_DMA                             Drivers\STM32F4xx_HAL_Driver\stm32f4xx_hal_tim.o
HAL_TIM_Base_Stop_IT                              Drivers\STM32F4xx_HAL_Driver\stm32f4xx_hal_tim.o
HAL_TIM_ConfigClockSource                         Drivers\STM32F4xx_HAL_Driver\stm32f4xx_hal_tim.o
HAL_TIM_ConfigOCrefClear                          Drivers\STM32F4xx_HAL_Driver\stm32f4xx_hal_tim.o
HAL_TIM_ConfigTI1Input                            Drivers\STM32F4xx_HAL_Driver\stm32f4xx_hal_tim.o
HAL_TIM_DMABurst_ReadStart                        Drivers\STM32F4xx_HAL_Driver\stm32f4xx_hal_tim.o
HAL_TIM_DMABurst_ReadStop                         Drivers\STM32F4xx_HAL_Driver\stm32f4xx_hal_tim.o
HAL_TIM_DMABurst_WriteStart                       Drivers\STM32F4xx_HAL_Driver\stm32f4xx_hal_tim.o
HAL_TIM_DMABurst_WriteStop                        Drivers\STM32F4xx_HAL_Driver\stm32f4xx_hal_tim.o
HAL_TIM_Encoder_DeInit                            Drivers\STM32F4xx_HAL_Driver\stm32f4xx_hal_tim.o
HAL_TIM_Encoder_GetState                          Drivers\STM32F4xx_HAL_Driver\stm32f4xx_hal_tim.o
HAL_TIM_Encoder_Init                              Drivers\STM32F4xx_HAL_Driver\stm32f4xx_hal_tim.o
HAL_TIM_Encoder_MspDeInit                         Drivers\STM32F4xx_HAL_Driver\stm32f4xx_hal_tim.o
HAL_TIM_Encoder_MspInit                           Drivers\STM32F4xx_HAL_Driver\stm32f4xx_hal_tim.o
HAL_TIM_Encoder_Start                             Drivers\STM32F4xx_HAL_Driver\stm32f4xx_hal_tim.o
HAL_TIM_Encoder_Start_DMA                         Drivers\STM32F4xx_HAL_Driver\stm32f4xx_hal_tim.o
HAL_TIM_Encoder_Start_IT                          Drivers\STM32F4xx_HAL_Driver\stm32f4xx_hal_tim.o
HAL_TIM_Encoder_Stop                              Drivers\STM32F4xx_HAL_Driver\stm32f4xx_hal_tim.o
HAL_TIM_Encoder_Stop_DMA                          Drivers\STM32F4xx_HAL_Driver\stm32f4xx_hal_tim.o
HAL_TIM_Encoder_Stop_IT                           Drivers\STM32F4xx_HAL_Driver\stm32f4xx_hal_tim.o