Archive member included because of file (symbol)

c:/program files/atmel/avr tools/avr toolchain/bin/../lib/gcc/avr/4.4.3/avr51\libgcc.a(_mulsi3.o)
                              User.o (__mulsi3)
c:/program files/atmel/avr tools/avr toolchain/bin/../lib/gcc/avr/4.4.3/avr51\libgcc.a(_udivmodhi4.o)
                              Main.o (__udivmodhi4)
c:/program files/atmel/avr tools/avr toolchain/bin/../lib/gcc/avr/4.4.3/avr51\libgcc.a(_udivmodsi4.o)
                              User.o (__udivmodsi4)
c:/program files/atmel/avr tools/avr toolchain/bin/../lib/gcc/avr/4.4.3/avr51\libgcc.a(_exit.o)
                              c:/program files/atmel/avr tools/avr toolchain/bin/../lib/gcc/avr/4.4.3/../../../../avr/lib/avr51/crtm128.o (exit)
c:/program files/atmel/avr tools/avr toolchain/bin/../lib/gcc/avr/4.4.3/avr51\libgcc.a(_copy_data.o)
                              Main.o (__do_copy_data)
c:/program files/atmel/avr tools/avr toolchain/bin/../lib/gcc/avr/4.4.3/avr51\libgcc.a(_clear_bss.o)
                              Main.o (__do_clear_bss)
c:/program files/atmel/avr tools/avr toolchain/bin/../lib/gcc/avr/4.4.3/avr51\libgcc.a(_fixunssfsi.o)
                              Interrupt.o (__fixunssfsi)
c:/program files/atmel/avr tools/avr toolchain/bin/../lib/gcc/avr/4.4.3/avr51\libgcc.a(_addsub_sf.o)
                              c:/program files/atmel/avr tools/avr toolchain/bin/../lib/gcc/avr/4.4.3/avr51\libgcc.a(_fixunssfsi.o) (__subsf3)
c:/program files/atmel/avr tools/avr toolchain/bin/../lib/gcc/avr/4.4.3/avr51\libgcc.a(_mul_sf.o)
                              Interrupt.o (__mulsf3)
c:/program files/atmel/avr tools/avr toolchain/bin/../lib/gcc/avr/4.4.3/avr51\libgcc.a(_gt_sf.o)
                              Interrupt.o (__gtsf2)
c:/program files/atmel/avr tools/avr toolchain/bin/../lib/gcc/avr/4.4.3/avr51\libgcc.a(_ge_sf.o)
                              c:/program files/atmel/avr tools/avr toolchain/bin/../lib/gcc/avr/4.4.3/avr51\libgcc.a(_fixunssfsi.o) (__gesf2)
c:/program files/atmel/avr tools/avr toolchain/bin/../lib/gcc/avr/4.4.3/avr51\libgcc.a(_lt_sf.o)
                              Interrupt.o (__ltsf2)
c:/program files/atmel/avr tools/avr toolchain/bin/../lib/gcc/avr/4.4.3/avr51\libgcc.a(_sf_to_si.o)
                              c:/program files/atmel/avr tools/avr toolchain/bin/../lib/gcc/avr/4.4.3/avr51\libgcc.a(_fixunssfsi.o) (__fixsfsi)
c:/program files/atmel/avr tools/avr toolchain/bin/../lib/gcc/avr/4.4.3/avr51\libgcc.a(_thenan_sf.o)
                              c:/program files/atmel/avr tools/avr toolchain/bin/../lib/gcc/avr/4.4.3/avr51\libgcc.a(_addsub_sf.o) (__thenan_sf)
c:/program files/atmel/avr tools/avr toolchain/bin/../lib/gcc/avr/4.4.3/avr51\libgcc.a(_prologue.o)
                              c:/program files/atmel/avr tools/avr toolchain/bin/../lib/gcc/avr/4.4.3/avr51\libgcc.a(_addsub_sf.o) (__prologue_saves__)
c:/program files/atmel/avr tools/avr toolchain/bin/../lib/gcc/avr/4.4.3/avr51\libgcc.a(_epilogue.o)
                              c:/program files/atmel/avr tools/avr toolchain/bin/../lib/gcc/avr/4.4.3/avr51\libgcc.a(_addsub_sf.o) (__epilogue_restores__)
c:/program files/atmel/avr tools/avr toolchain/bin/../lib/gcc/avr/4.4.3/avr51\libgcc.a(_pack_sf.o)
                              c:/program files/atmel/avr tools/avr toolchain/bin/../lib/gcc/avr/4.4.3/avr51\libgcc.a(_addsub_sf.o) (__pack_f)
c:/program files/atmel/avr tools/avr toolchain/bin/../lib/gcc/avr/4.4.3/avr51\libgcc.a(_unpack_sf.o)
                              c:/program files/atmel/avr tools/avr toolchain/bin/../lib/gcc/avr/4.4.3/avr51\libgcc.a(_addsub_sf.o) (__unpack_f)
c:/program files/atmel/avr tools/avr toolchain/bin/../lib/gcc/avr/4.4.3/avr51\libgcc.a(_fpcmp_parts_sf.o)
                              c:/program files/atmel/avr tools/avr toolchain/bin/../lib/gcc/avr/4.4.3/avr51\libgcc.a(_gt_sf.o) (__fpcmp_parts_f)

Memory Configuration

Name             Origin             Length             Attributes
text             0x00000000         0x00020000         xr
data             0x00800060         0x0000ffa0         rw !x
eeprom           0x00810000         0x00010000         rw !x
fuse             0x00820000         0x00000400         rw !x
lock             0x00830000         0x00000400         rw !x
signature        0x00840000         0x00000400         rw !x
*default*        0x00000000         0xffffffff

Linker script and memory map

Address of section .data set to 0x800100
LOAD c:/program files/atmel/avr tools/avr toolchain/bin/../lib/gcc/avr/4.4.3/../../../../avr/lib/avr51/crtm128.o
LOAD Main.o
LOAD Interrupt.o
LOAD User.o
LOAD Cpu.o
LOAD XbeeController.o
LOAD c:/program files/atmel/avr tools/avr toolchain/bin/../lib/gcc/avr/4.4.3/avr51\libgcc.a
LOAD c:/program files/atmel/avr tools/avr toolchain/bin/../lib/gcc/avr/4.4.3/../../../../avr/lib/avr51\libc.a
LOAD c:/program files/atmel/avr tools/avr toolchain/bin/../lib/gcc/avr/4.4.3/avr51\libgcc.a

.hash
 *(.hash)

.dynsym
 *(.dynsym)

.dynstr
 *(.dynstr)

.gnu.version
 *(.gnu.version)

.gnu.version_d
 *(.gnu.version_d)

.gnu.version_r
 *(.gnu.version_r)

.rel.init
 *(.rel.init)

.rela.init
 *(.rela.init)

.rel.text
 *(.rel.text)
 *(.rel.text.*)
 *(.rel.gnu.linkonce.t*)

.rela.text
 *(.rela.text)
 *(.rela.text.*)
 *(.rela.gnu.linkonce.t*)

.rel.fini
 *(.rel.fini)

.rela.fini
 *(.rela.fini)

.rel.rodata
 *(.rel.rodata)
 *(.rel.rodata.*)
 *(.rel.gnu.linkonce.r*)

.rela.rodata
 *(.rela.rodata)
 *(.rela.rodata.*)
 *(.rela.gnu.linkonce.r*)

.rel.data
 *(.rel.data)
 *(.rel.data.*)
 *(.rel.gnu.linkonce.d*)

.rela.data
 *(.rela.data)
 *(.rela.data.*)
 *(.rela.gnu.linkonce.d*)

.rel.ctors
 *(.rel.ctors)

.rela.ctors
 *(.rela.ctors)

.rel.dtors
 *(.rel.dtors)

.rela.dtors
 *(.rela.dtors)

.rel.got
 *(.rel.got)

.rela.got
 *(.rela.got)

.rel.bss
 *(.rel.bss)

.rela.bss
 *(.rela.bss)

.rel.plt
 *(.rel.plt)

.rela.plt
 *(.rela.plt)

.text           0x00000000     0x17b4
 *(.vectors)
 .vectors       0x00000000       0x8c c:/program files/atmel/avr tools/avr toolchain/bin/../lib/gcc/avr/4.4.3/../../../../avr/lib/avr51/crtm128.o
                0x00000000                __vector_default
                0x00000000                __vectors
 *(.vectors)
 *(.progmem.gcc*)
 *(.progmem*)
                0x0000008c                . = ALIGN (0x2)
                0x0000008c                __trampolines_start = .
 *(.trampolines)
 .trampolines   0x0000008c        0x0 linker stubs
 *(.trampolines*)
                0x0000008c                __trampolines_end = .
 *(.jumptables)
 *(.jumptables*)
 *(.lowtext)
 *(.lowtext*)
                0x0000008c                __ctors_start = .
 *(.ctors)
                0x0000008c                __ctors_end = .
                0x0000008c                __dtors_start = .
 *(.dtors)
                0x0000008c                __dtors_end = .
 SORT(*)(.ctors)
 SORT(*)(.dtors)
 *(.init0)
 .init0         0x0000008c        0x0 c:/program files/atmel/avr tools/avr toolchain/bin/../lib/gcc/avr/4.4.3/../../../../avr/lib/avr51/crtm128.o
                0x0000008c                __init
 *(.init0)
 *(.init1)
 *(.init1)
 *(.init2)
 .init2         0x0000008c        0xc c:/program files/atmel/avr tools/avr toolchain/bin/../lib/gcc/avr/4.4.3/../../../../avr/lib/avr51/crtm128.o
 *(.init2)
 *(.init3)
 *(.init3)
 *(.init4)
 .init4         0x00000098       0x1a c:/program files/atmel/avr tools/avr toolchain/bin/../lib/gcc/avr/4.4.3/avr51\libgcc.a(_copy_data.o)
                0x00000098                __do_copy_data
 .init4         0x000000b2       0x10 c:/program files/atmel/avr tools/avr toolchain/bin/../lib/gcc/avr/4.4.3/avr51\libgcc.a(_clear_bss.o)
                0x000000b2                __do_clear_bss
 *(.init4)
 *(.init5)
 *(.init5)
 *(.init6)
 *(.init6)
 *(.init7)
 *(.init7)
 *(.init8)
 *(.init8)
 *(.init9)
 .init9         0x000000c2        0x8 c:/program files/atmel/avr tools/avr toolchain/bin/../lib/gcc/avr/4.4.3/../../../../avr/lib/avr51/crtm128.o
 *(.init9)
 *(.text)
 .text          0x000000ca        0x4 c:/program files/atmel/avr tools/avr toolchain/bin/../lib/gcc/avr/4.4.3/../../../../avr/lib/avr51/crtm128.o
                0x000000ca                __vector_22
                0x000000ca                __vector_28
                0x000000ca                __vector_32
                0x000000ca                __vector_34
                0x000000ca                __vector_24
                0x000000ca                __vector_12
                0x000000ca                __bad_interrupt
                0x000000ca                __vector_6
                0x000000ca                __vector_31
                0x000000ca                __vector_3
                0x000000ca                __vector_23
                0x000000ca                __vector_30
                0x000000ca                __vector_25
                0x000000ca                __vector_11
                0x000000ca                __vector_13
                0x000000ca                __vector_17
                0x000000ca                __vector_19
                0x000000ca                __vector_7
                0x000000ca                __vector_27
                0x000000ca                __vector_5
                0x000000ca                __vector_33
                0x000000ca                __vector_4
                0x000000ca                __vector_9
                0x000000ca                __vector_21
                0x000000ca                __vector_15
                0x000000ca                __vector_29
                0x000000ca                __vector_8
                0x000000ca                __vector_26
                0x000000ca                __vector_14
                0x000000ca                __vector_20
 .text          0x000000ce       0xfa Main.o
                0x000000ce                main
                0x000001ba                InitDotMatrix
 .text          0x000001c8      0x75c Interrupt.o
                0x000001c8                __vector_1
                0x00000430                __vector_2
                0x000006c0                __vector_16
                0x0000070a                __vector_10
                0x0000072a                __vector_18
 .text          0x00000924       0x76 User.o
                0x00000924                CalClock
 .text          0x0000099a      0x1d0 Cpu.o
                0x0000099a                InitCPU
                0x000009ee                InitCMT0
                0x00000a20                InitCMT2
                0x00000a64                InitUART0
                0x00000aa6                SendUART0
                0x00000b02                RecvUART0
 .text          0x00000b6a       0x8a XbeeController.o
                0x00000b6a                xbSend
                0x00000bd8                xbRecv
 .text          0x00000bf4        0x0 c:/program files/atmel/avr tools/avr toolchain/bin/../lib/gcc/avr/4.4.3/avr51\libgcc.a(_mulsi3.o)
 .text          0x00000bf4        0x0 c:/program files/atmel/avr tools/avr toolchain/bin/../lib/gcc/avr/4.4.3/avr51\libgcc.a(_udivmodhi4.o)
 .text          0x00000bf4        0x0 c:/program files/atmel/avr tools/avr toolchain/bin/../lib/gcc/avr/4.4.3/avr51\libgcc.a(_udivmodsi4.o)
 .text          0x00000bf4        0x0 c:/program files/atmel/avr tools/avr toolchain/bin/../lib/gcc/avr/4.4.3/avr51\libgcc.a(_exit.o)
 .text          0x00000bf4        0x0 c:/program files/atmel/avr tools/avr toolchain/bin/../lib/gcc/avr/4.4.3/avr51\libgcc.a(_copy_data.o)
 .text          0x00000bf4        0x0 c:/program files/atmel/avr tools/avr toolchain/bin/../lib/gcc/avr/4.4.3/avr51\libgcc.a(_clear_bss.o)
 .text          0x00000bf4       0x58 c:/program files/atmel/avr tools/avr toolchain/bin/../lib/gcc/avr/4.4.3/avr51\libgcc.a(_fixunssfsi.o)
                0x00000bf4                __fixunssfsi
 .text          0x00000c4c      0x35c c:/program files/atmel/avr tools/avr toolchain/bin/../lib/gcc/avr/4.4.3/avr51\libgcc.a(_addsub_sf.o)
                0x00000eec                __subsf3
                0x00000f4e                __addsf3
 .text          0x00000fa8      0x1f0 c:/program files/atmel/avr tools/avr toolchain/bin/../lib/gcc/avr/4.4.3/avr51\libgcc.a(_mul_sf.o)
                0x00000fa8                __mulsf3
 .text          0x00001198       0x60 c:/program files/atmel/avr tools/avr toolchain/bin/../lib/gcc/avr/4.4.3/avr51\libgcc.a(_gt_sf.o)
                0x00001198                __gtsf2
 .text          0x000011f8       0x60 c:/program files/atmel/avr tools/avr toolchain/bin/../lib/gcc/avr/4.4.3/avr51\libgcc.a(_ge_sf.o)
                0x000011f8                __gesf2
 .text          0x00001258       0x60 c:/program files/atmel/avr tools/avr toolchain/bin/../lib/gcc/avr/4.4.3/avr51\libgcc.a(_lt_sf.o)
                0x00001258                __ltsf2
 .text          0x000012b8       0xa6 c:/program files/atmel/avr tools/avr toolchain/bin/../lib/gcc/avr/4.4.3/avr51\libgcc.a(_sf_to_si.o)
                0x000012b8                __fixsfsi
 .text          0x0000135e        0x0 c:/program files/atmel/avr tools/avr toolchain/bin/../lib/gcc/avr/4.4.3/avr51\libgcc.a(_thenan_sf.o)
 .text          0x0000135e        0x0 c:/program files/atmel/avr tools/avr toolchain/bin/../lib/gcc/avr/4.4.3/avr51\libgcc.a(_prologue.o)
 .text          0x0000135e        0x0 c:/program files/atmel/avr tools/avr toolchain/bin/../lib/gcc/avr/4.4.3/avr51\libgcc.a(_epilogue.o)
 .text          0x0000135e      0x19e c:/program files/atmel/avr tools/avr toolchain/bin/../lib/gcc/avr/4.4.3/avr51\libgcc.a(_pack_sf.o)
                0x0000135e                __pack_f
 .text          0x000014fc       0xde c:/program files/atmel/avr tools/avr toolchain/bin/../lib/gcc/avr/4.4.3/avr51\libgcc.a(_unpack_sf.o)
                0x000014fc                __unpack_f
 .text          0x000015da       0xbe c:/program files/atmel/avr tools/avr toolchain/bin/../lib/gcc/avr/4.4.3/avr51\libgcc.a(_fpcmp_parts_sf.o)
                0x000015da                __fpcmp_parts_f
                0x00001698                . = ALIGN (0x2)
 *(.text.*)
 .text.libgcc   0x00001698       0x3e c:/program files/atmel/avr tools/avr toolchain/bin/../lib/gcc/avr/4.4.3/avr51\libgcc.a(_mulsi3.o)
                0x00001698                __mulsi3
 .text.libgcc   0x000016d6       0x28 c:/program files/atmel/avr tools/avr toolchain/bin/../lib/gcc/avr/4.4.3/avr51\libgcc.a(_udivmodhi4.o)
                0x000016d6                __udivmodhi4
 .text.libgcc   0x000016fe       0x44 c:/program files/atmel/avr tools/avr toolchain/bin/../lib/gcc/avr/4.4.3/avr51\libgcc.a(_udivmodsi4.o)
                0x000016fe                __udivmodsi4
 .text.libgcc   0x00001742        0x0 c:/program files/atmel/avr tools/avr toolchain/bin/../lib/gcc/avr/4.4.3/avr51\libgcc.a(_exit.o)
 .text.libgcc   0x00001742        0x0 c:/program files/atmel/avr tools/avr toolchain/bin/../lib/gcc/avr/4.4.3/avr51\libgcc.a(_copy_data.o)
 .text.libgcc   0x00001742        0x0 c:/program files/atmel/avr tools/avr toolchain/bin/../lib/gcc/avr/4.4.3/avr51\libgcc.a(_clear_bss.o)
 .text.libgcc   0x00001742       0x38 c:/program files/atmel/avr tools/avr toolchain/bin/../lib/gcc/avr/4.4.3/avr51\libgcc.a(_prologue.o)
                0x00001742                __prologue_saves__
 .text.libgcc   0x0000177a       0x36 c:/program files/atmel/avr tools/avr toolchain/bin/../lib/gcc/avr/4.4.3/avr51\libgcc.a(_epilogue.o)
                0x0000177a                __epilogue_restores__
                0x000017b0                . = ALIGN (0x2)
 *(.fini9)
 .fini9         0x000017b0        0x0 c:/program files/atmel/avr tools/avr toolchain/bin/../lib/gcc/avr/4.4.3/avr51\libgcc.a(_exit.o)
                0x000017b0                _exit
                0x000017b0                exit
 *(.fini9)
 *(.fini8)
 *(.fini8)
 *(.fini7)
 *(.fini7)
 *(.fini6)
 *(.fini6)
 *(.fini5)
 *(.fini5)
 *(.fini4)
 *(.fini4)
 *(.fini3)
 *(.fini3)
 *(.fini2)
 *(.fini2)
 *(.fini1)
 *(.fini1)
 *(.fini0)
 .fini0         0x000017b0        0x4 c:/program files/atmel/avr tools/avr toolchain/bin/../lib/gcc/avr/4.4.3/avr51\libgcc.a(_exit.o)
 *(.fini0)
                0x000017b4                _etext = .

.data           0x00800100       0x86 load address 0x000017b4
                0x00800100                PROVIDE (__data_start, .)
 *(.data)
 .data          0x00800100        0x0 c:/program files/atmel/avr tools/avr toolchain/bin/../lib/gcc/avr/4.4.3/../../../../avr/lib/avr51/crtm128.o
 .data          0x00800100       0x6d Main.o
                0x00800100                pattern
                0x00800104                segment
                0x00800115                gr_dot_scanline
                0x0080011d                gr_dot_num
 .data          0x0080016d        0x0 Interrupt.o
 .data          0x0080016d       0x10 User.o
                0x0080016d                freescale_timer0
 .data          0x0080017d        0x0 Cpu.o
 .data          0x0080017d        0x0 XbeeController.o
 .data          0x0080017d        0x0 c:/program files/atmel/avr tools/avr toolchain/bin/../lib/gcc/avr/4.4.3/avr51\libgcc.a(_mulsi3.o)
 .data          0x0080017d        0x0 c:/program files/atmel/avr tools/avr toolchain/bin/../lib/gcc/avr/4.4.3/avr51\libgcc.a(_udivmodhi4.o)
 .data          0x0080017d        0x0 c:/program files/atmel/avr tools/avr toolchain/bin/../lib/gcc/avr/4.4.3/avr51\libgcc.a(_udivmodsi4.o)
 .data          0x0080017d        0x0 c:/program files/atmel/avr tools/avr toolchain/bin/../lib/gcc/avr/4.4.3/avr51\libgcc.a(_exit.o)
 .data          0x0080017d        0x0 c:/program files/atmel/avr tools/avr toolchain/bin/../lib/gcc/avr/4.4.3/avr51\libgcc.a(_copy_data.o)
 .data          0x0080017d        0x0 c:/program files/atmel/avr tools/avr toolchain/bin/../lib/gcc/avr/4.4.3/avr51\libgcc.a(_clear_bss.o)
 .data          0x0080017d        0x0 c:/program files/atmel/avr tools/avr toolchain/bin/../lib/gcc/avr/4.4.3/avr51\libgcc.a(_fixunssfsi.o)
 .data          0x0080017d        0x0 c:/program files/atmel/avr tools/avr toolchain/bin/../lib/gcc/avr/4.4.3/avr51\libgcc.a(_addsub_sf.o)
 .data          0x0080017d        0x0 c:/program files/atmel/avr tools/avr toolchain/bin/../lib/gcc/avr/4.4.3/avr51\libgcc.a(_mul_sf.o)
 .data          0x0080017d        0x0 c:/program files/atmel/avr tools/avr toolchain/bin/../lib/gcc/avr/4.4.3/avr51\libgcc.a(_gt_sf.o)
 .data          0x0080017d        0x0 c:/program files/atmel/avr tools/avr toolchain/bin/../lib/gcc/avr/4.4.3/avr51\libgcc.a(_ge_sf.o)
 .data          0x0080017d        0x0 c:/program files/atmel/avr tools/avr toolchain/bin/../lib/gcc/avr/4.4.3/avr51\libgcc.a(_lt_sf.o)
 .data          0x0080017d        0x0 c:/program files/atmel/avr tools/avr toolchain/bin/../lib/gcc/avr/4.4.3/avr51\libgcc.a(_sf_to_si.o)
 .data          0x0080017d        0x8 c:/program files/atmel/avr tools/avr toolchain/bin/../lib/gcc/avr/4.4.3/avr51\libgcc.a(_thenan_sf.o)
                0x0080017d                __thenan_sf
 .data          0x00800185        0x0 c:/program files/atmel/avr tools/avr toolchain/bin/../lib/gcc/avr/4.4.3/avr51\libgcc.a(_prologue.o)
 .data          0x00800185        0x0 c:/program files/atmel/avr tools/avr toolchain/bin/../lib/gcc/avr/4.4.3/avr51\libgcc.a(_epilogue.o)
 .data          0x00800185        0x0 c:/program files/atmel/avr tools/avr toolchain/bin/../lib/gcc/avr/4.4.3/avr51\libgcc.a(_pack_sf.o)
 .data          0x00800185        0x0 c:/program files/atmel/avr tools/avr toolchain/bin/../lib/gcc/avr/4.4.3/avr51\libgcc.a(_unpack_sf.o)
 .data          0x00800185        0x0 c:/program files/atmel/avr tools/avr toolchain/bin/../lib/gcc/avr/4.4.3/avr51\libgcc.a(_fpcmp_parts_sf.o)
 *(.data*)
 *(.rodata)
 *(.rodata*)
 *(.gnu.linkonce.d*)
                0x00800186                . = ALIGN (0x2)
 *fill*         0x00800185        0x1 00
                0x00800186                _edata = .
                0x00800186                PROVIDE (__data_end, .)

.bss            0x00800186        0xf
                0x00800186                PROVIDE (__bss_start, .)
 *(.bss)
 .bss           0x00800186        0x0 c:/program files/atmel/avr tools/avr toolchain/bin/../lib/gcc/avr/4.4.3/../../../../avr/lib/avr51/crtm128.o
 .bss           0x00800186        0x6 Main.o
                0x00800186                ucLeftNum
                0x00800187                ucRightNum
                0x00800188                test_i
                0x0080018a                usRxAck
 .bss           0x0080018c        0x9 Interrupt.o
 .bss           0x00800195        0x0 User.o
 .bss           0x00800195        0x0 Cpu.o
 .bss           0x00800195        0x0 XbeeController.o
 .bss           0x00800195        0x0 c:/program files/atmel/avr tools/avr toolchain/bin/../lib/gcc/avr/4.4.3/avr51\libgcc.a(_mulsi3.o)
 .bss           0x00800195        0x0 c:/program files/atmel/avr tools/avr toolchain/bin/../lib/gcc/avr/4.4.3/avr51\libgcc.a(_udivmodhi4.o)
 .bss           0x00800195        0x0 c:/program files/atmel/avr tools/avr toolchain/bin/../lib/gcc/avr/4.4.3/avr51\libgcc.a(_udivmodsi4.o)
 .bss           0x00800195        0x0 c:/program files/atmel/avr tools/avr toolchain/bin/../lib/gcc/avr/4.4.3/avr51\libgcc.a(_exit.o)
 .bss           0x00800195        0x0 c:/program files/atmel/avr tools/avr toolchain/bin/../lib/gcc/avr/4.4.3/avr51\libgcc.a(_copy_data.o)
 .bss           0x00800195        0x0 c:/program files/atmel/avr tools/avr toolchain/bin/../lib/gcc/avr/4.4.3/avr51\libgcc.a(_clear_bss.o)
 .bss           0x00800195        0x0 c:/program files/atmel/avr tools/avr toolchain/bin/../lib/gcc/avr/4.4.3/avr51\libgcc.a(_fixunssfsi.o)
 .bss           0x00800195        0x0 c:/program files/atmel/avr tools/avr toolchain/bin/../lib/gcc/avr/4.4.3/avr51\libgcc.a(_addsub_sf.o)
 .bss           0x00800195        0x0 c:/program files/atmel/avr tools/avr toolchain/bin/../lib/gcc/avr/4.4.3/avr51\libgcc.a(_mul_sf.o)
 .bss           0x00800195        0x0 c:/program files/atmel/avr tools/avr toolchain/bin/../lib/gcc/avr/4.4.3/avr51\libgcc.a(_gt_sf.o)
 .bss           0x00800195        0x0 c:/program files/atmel/avr tools/avr toolchain/bin/../lib/gcc/avr/4.4.3/avr51\libgcc.a(_ge_sf.o)
 .bss           0x00800195        0x0 c:/program files/atmel/avr tools/avr toolchain/bin/../lib/gcc/avr/4.4.3/avr51\libgcc.a(_lt_sf.o)
 .bss           0x00800195        0x0 c:/program files/atmel/avr tools/avr toolchain/bin/../lib/gcc/avr/4.4.3/avr51\libgcc.a(_sf_to_si.o)
 .bss           0x00800195        0x0 c:/program files/atmel/avr tools/avr toolchain/bin/../lib/gcc/avr/4.4.3/avr51\libgcc.a(_thenan_sf.o)
 .bss           0x00800195        0x0 c:/program files/atmel/avr tools/avr toolchain/bin/../lib/gcc/avr/4.4.3/avr51\libgcc.a(_prologue.o)
 .bss           0x00800195        0x0 c:/program files/atmel/avr tools/avr toolchain/bin/../lib/gcc/avr/4.4.3/avr51\libgcc.a(_epilogue.o)
 .bss           0x00800195        0x0 c:/program files/atmel/avr tools/avr toolchain/bin/../lib/gcc/avr/4.4.3/avr51\libgcc.a(_pack_sf.o)
 .bss           0x00800195        0x0 c:/program files/atmel/avr tools/avr toolchain/bin/../lib/gcc/avr/4.4.3/avr51\libgcc.a(_unpack_sf.o)
 .bss           0x00800195        0x0 c:/program files/atmel/avr tools/avr toolchain/bin/../lib/gcc/avr/4.4.3/avr51\libgcc.a(_fpcmp_parts_sf.o)
 *(.bss*)
 *(COMMON)
                0x00800195                PROVIDE (__bss_end, .)
                0x000017b4                __data_load_start = LOADADDR (.data)
                0x0000183a                __data_load_end = (__data_load_start + SIZEOF (.data))

.noinit         0x00800195        0x0
                0x00800195                PROVIDE (__noinit_start, .)
 *(.noinit*)
                0x00800195                PROVIDE (__noinit_end, .)
                0x00800195                _end = .
                0x00800195                PROVIDE (__heap_start, .)

.eeprom         0x00810000        0x0
 *(.eeprom*)
                0x00810000                __eeprom_end = .

.fuse
 *(.fuse)
 *(.lfuse)
 *(.hfuse)
 *(.efuse)

.lock
 *(.lock*)

.signature
 *(.signature*)

.stab           0x00000000      0x6cc
 *(.stab)
 .stab          0x00000000      0x6cc c:/program files/atmel/avr tools/avr toolchain/bin/../lib/gcc/avr/4.4.3/../../../../avr/lib/avr51/crtm128.o

.stabstr        0x00000000       0x85
 *(.stabstr)
 .stabstr       0x00000000       0x85 c:/program files/atmel/avr tools/avr toolchain/bin/../lib/gcc/avr/4.4.3/../../../../avr/lib/avr51/crtm128.o

.stab.excl
 *(.stab.excl)

.stab.exclstr
 *(.stab.exclstr)

.stab.index
 *(.stab.index)

.stab.indexstr
 *(.stab.indexstr)

.comment
 *(.comment)

.debug
 *(.debug)

.line
 *(.line)

.debug_srcinfo
 *(.debug_srcinfo)

.debug_sfnames
 *(.debug_sfnames)

.debug_aranges  0x00000000      0x1e0
 *(.debug_aranges)
 .debug_aranges
                0x00000000       0x20 Main.o
 .debug_aranges
                0x00000020       0x20 Interrupt.o
 .debug_aranges
                0x00000040       0x20 User.o
 .debug_aranges
                0x00000060       0x20 Cpu.o
 .debug_aranges
                0x00000080       0x20 XbeeController.o
 .debug_aranges
                0x000000a0       0x20 c:/program files/atmel/avr tools/avr toolchain/bin/../lib/gcc/avr/4.4.3/avr51\libgcc.a(_fixunssfsi.o)
 .debug_aranges
                0x000000c0       0x20 c:/program files/atmel/avr tools/avr toolchain/bin/../lib/gcc/avr/4.4.3/avr51\libgcc.a(_addsub_sf.o)
 .debug_aranges
                0x000000e0       0x20 c:/program files/atmel/avr tools/avr toolchain/bin/../lib/gcc/avr/4.4.3/avr51\libgcc.a(_mul_sf.o)
 .debug_aranges
                0x00000100       0x20 c:/program files/atmel/avr tools/avr toolchain/bin/../lib/gcc/avr/4.4.3/avr51\libgcc.a(_gt_sf.o)
 .debug_aranges
                0x00000120       0x20 c:/program files/atmel/avr tools/avr toolchain/bin/../lib/gcc/avr/4.4.3/avr51\libgcc.a(_ge_sf.o)
 .debug_aranges
                0x00000140       0x20 c:/program files/atmel/avr tools/avr toolchain/bin/../lib/gcc/avr/4.4.3/avr51\libgcc.a(_lt_sf.o)
 .debug_aranges
                0x00000160       0x20 c:/program files/atmel/avr tools/avr toolchain/bin/../lib/gcc/avr/4.4.3/avr51\libgcc.a(_sf_to_si.o)
 .debug_aranges
                0x00000180       0x20 c:/program files/atmel/avr tools/avr toolchain/bin/../lib/gcc/avr/4.4.3/avr51\libgcc.a(_pack_sf.o)
 .debug_aranges
                0x000001a0       0x20 c:/program files/atmel/avr tools/avr toolchain/bin/../lib/gcc/avr/4.4.3/avr51\libgcc.a(_unpack_sf.o)
 .debug_aranges
                0x000001c0       0x20 c:/program files/atmel/avr tools/avr toolchain/bin/../lib/gcc/avr/4.4.3/avr51\libgcc.a(_fpcmp_parts_sf.o)

.debug_pubnames
                0x00000000      0x32a
 *(.debug_pubnames)
 .debug_pubnames
                0x00000000       0x9c Main.o
 .debug_pubnames
                0x0000009c       0x60 Interrupt.o
 .debug_pubnames
                0x000000fc       0x34 User.o
 .debug_pubnames
                0x00000130       0x62 Cpu.o
 .debug_pubnames
                0x00000192       0x28 XbeeController.o
 .debug_pubnames
                0x000001ba       0x23 c:/program files/atmel/avr tools/avr toolchain/bin/../lib/gcc/avr/4.4.3/avr51\libgcc.a(_fixunssfsi.o)
 .debug_pubnames
                0x000001dd       0x2c c:/program files/atmel/avr tools/avr toolchain/bin/../lib/gcc/avr/4.4.3/avr51\libgcc.a(_addsub_sf.o)
 .debug_pubnames
                0x00000209       0x1f c:/program files/atmel/avr tools/avr toolchain/bin/../lib/gcc/avr/4.4.3/avr51\libgcc.a(_mul_sf.o)
 .debug_pubnames
                0x00000228       0x1e c:/program files/atmel/avr tools/avr toolchain/bin/../lib/gcc/avr/4.4.3/avr51\libgcc.a(_gt_sf.o)
 .debug_pubnames
                0x00000246       0x1e c:/program files/atmel/avr tools/avr toolchain/bin/../lib/gcc/avr/4.4.3/avr51\libgcc.a(_ge_sf.o)
 .debug_pubnames
                0x00000264       0x1e c:/program files/atmel/avr tools/avr toolchain/bin/../lib/gcc/avr/4.4.3/avr51\libgcc.a(_lt_sf.o)
 .debug_pubnames
                0x00000282       0x20 c:/program files/atmel/avr tools/avr toolchain/bin/../lib/gcc/avr/4.4.3/avr51\libgcc.a(_sf_to_si.o)
 .debug_pubnames
                0x000002a2       0x22 c:/program files/atmel/avr tools/avr toolchain/bin/../lib/gcc/avr/4.4.3/avr51\libgcc.a(_thenan_sf.o)
 .debug_pubnames
                0x000002c4       0x1f c:/program files/atmel/avr tools/avr toolchain/bin/../lib/gcc/avr/4.4.3/avr51\libgcc.a(_pack_sf.o)
 .debug_pubnames
                0x000002e3       0x21 c:/program files/atmel/avr tools/avr toolchain/bin/../lib/gcc/avr/4.4.3/avr51\libgcc.a(_unpack_sf.o)
 .debug_pubnames
                0x00000304       0x26 c:/program files/atmel/avr tools/avr toolchain/bin/../lib/gcc/avr/4.4.3/avr51\libgcc.a(_fpcmp_parts_sf.o)

.debug_info     0x00000000     0x246b
 *(.debug_info)
 .debug_info    0x00000000      0x1c8 Main.o
 .debug_info    0x000001c8      0x3b2 Interrupt.o
 .debug_info    0x0000057a       0xdf User.o
 .debug_info    0x00000659      0x143 Cpu.o
 .debug_info    0x0000079c       0xd0 XbeeController.o
 .debug_info    0x0000086c       0xb1 c:/program files/atmel/avr tools/avr toolchain/bin/../lib/gcc/avr/4.4.3/avr51\libgcc.a(_fixunssfsi.o)
 .debug_info    0x0000091d      0x470 c:/program files/atmel/avr tools/avr toolchain/bin/../lib/gcc/avr/4.4.3/avr51\libgcc.a(_addsub_sf.o)
 .debug_info    0x00000d8d      0x417 c:/program files/atmel/avr tools/avr toolchain/bin/../lib/gcc/avr/4.4.3/avr51\libgcc.a(_mul_sf.o)
 .debug_info    0x000011a4      0x27f c:/program files/atmel/avr tools/avr toolchain/bin/../lib/gcc/avr/4.4.3/avr51\libgcc.a(_gt_sf.o)
 .debug_info    0x00001423      0x27f c:/program files/atmel/avr tools/avr toolchain/bin/../lib/gcc/avr/4.4.3/avr51\libgcc.a(_ge_sf.o)
 .debug_info    0x000016a2      0x27f c:/program files/atmel/avr tools/avr toolchain/bin/../lib/gcc/avr/4.4.3/avr51\libgcc.a(_lt_sf.o)
 .debug_info    0x00001921      0x2b0 c:/program files/atmel/avr tools/avr toolchain/bin/../lib/gcc/avr/4.4.3/avr51\libgcc.a(_sf_to_si.o)
 .debug_info    0x00001bd1      0x154 c:/program files/atmel/avr tools/avr toolchain/bin/../lib/gcc/avr/4.4.3/avr51\libgcc.a(_thenan_sf.o)
 .debug_info    0x00001d25      0x2df c:/program files/atmel/avr tools/avr toolchain/bin/../lib/gcc/avr/4.4.3/avr51\libgcc.a(_pack_sf.o)
 .debug_info    0x00002004      0x251 c:/program files/atmel/avr tools/avr toolchain/bin/../lib/gcc/avr/4.4.3/avr51\libgcc.a(_unpack_sf.o)
 .debug_info    0x00002255      0x216 c:/program files/atmel/avr tools/avr toolchain/bin/../lib/gcc/avr/4.4.3/avr51\libgcc.a(_fpcmp_parts_sf.o)
 *(.gnu.linkonce.wi.*)

.debug_abbrev   0x00000000     0x1216
 *(.debug_abbrev)
 .debug_abbrev  0x00000000       0x8f Main.o
 .debug_abbrev  0x0000008f       0xf8 Interrupt.o
 .debug_abbrev  0x00000187       0x9c User.o
 .debug_abbrev  0x00000223       0x92 Cpu.o
 .debug_abbrev  0x000002b5       0x81 XbeeController.o
 .debug_abbrev  0x00000336       0x5d c:/program files/atmel/avr tools/avr toolchain/bin/../lib/gcc/avr/4.4.3/avr51\libgcc.a(_fixunssfsi.o)
 .debug_abbrev  0x00000393      0x1db c:/program files/atmel/avr tools/avr toolchain/bin/../lib/gcc/avr/4.4.3/avr51\libgcc.a(_addsub_sf.o)
 .debug_abbrev  0x0000056e      0x209 c:/program files/atmel/avr tools/avr toolchain/bin/../lib/gcc/avr/4.4.3/avr51\libgcc.a(_mul_sf.o)
 .debug_abbrev  0x00000777      0x15a c:/program files/atmel/avr tools/avr toolchain/bin/../lib/gcc/avr/4.4.3/avr51\libgcc.a(_gt_sf.o)
 .debug_abbrev  0x000008d1      0x15a c:/program files/atmel/avr tools/avr toolchain/bin/../lib/gcc/avr/4.4.3/avr51\libgcc.a(_ge_sf.o)
 .debug_abbrev  0x00000a2b      0x15a c:/program files/atmel/avr tools/avr toolchain/bin/../lib/gcc/avr/4.4.3/avr51\libgcc.a(_lt_sf.o)
 .debug_abbrev  0x00000b85      0x17f c:/program files/atmel/avr tools/avr toolchain/bin/../lib/gcc/avr/4.4.3/avr51\libgcc.a(_sf_to_si.o)
 .debug_abbrev  0x00000d04       0xc3 c:/program files/atmel/avr tools/avr toolchain/bin/../lib/gcc/avr/4.4.3/avr51\libgcc.a(_thenan_sf.o)
 .debug_abbrev  0x00000dc7      0x1c0 c:/program files/atmel/avr tools/avr toolchain/bin/../lib/gcc/avr/4.4.3/avr51\libgcc.a(_pack_sf.o)
 .debug_abbrev  0x00000f87      0x154 c:/program files/atmel/avr tools/avr toolchain/bin/../lib/gcc/avr/4.4.3/avr51\libgcc.a(_unpack_sf.o)
 .debug_abbrev  0x000010db      0x13b c:/program files/atmel/avr tools/avr toolchain/bin/../lib/gcc/avr/4.4.3/avr51\libgcc.a(_fpcmp_parts_sf.o)

.debug_line     0x00000000     0x1719
 *(.debug_line)
 .debug_line    0x00000000      0x11d Main.o
 .debug_line    0x0000011d      0x405 Interrupt.o
 .debug_line    0x00000522       0x73 User.o
 .debug_line    0x00000595      0x1d2 Cpu.o
 .debug_line    0x00000767       0xad XbeeController.o
 .debug_line    0x00000814       0xc9 c:/program files/atmel/avr tools/avr toolchain/bin/../lib/gcc/avr/4.4.3/avr51\libgcc.a(_fixunssfsi.o)
 .debug_line    0x000008dd      0x2c3 c:/program files/atmel/avr tools/avr toolchain/bin/../lib/gcc/avr/4.4.3/avr51\libgcc.a(_addsub_sf.o)
 .debug_line    0x00000ba0      0x24b c:/program files/atmel/avr tools/avr toolchain/bin/../lib/gcc/avr/4.4.3/avr51\libgcc.a(_mul_sf.o)
 .debug_line    0x00000deb       0xf5 c:/program files/atmel/avr tools/avr toolchain/bin/../lib/gcc/avr/4.4.3/avr51\libgcc.a(_gt_sf.o)
 .debug_line    0x00000ee0       0xf5 c:/program files/atmel/avr tools/avr toolchain/bin/../lib/gcc/avr/4.4.3/avr51\libgcc.a(_ge_sf.o)
 .debug_line    0x00000fd5       0xf5 c:/program files/atmel/avr tools/avr toolchain/bin/../lib/gcc/avr/4.4.3/avr51\libgcc.a(_lt_sf.o)
 .debug_line    0x000010ca      0x12b c:/program files/atmel/avr tools/avr toolchain/bin/../lib/gcc/avr/4.4.3/avr51\libgcc.a(_sf_to_si.o)
 .debug_line    0x000011f5       0xb2 c:/program files/atmel/avr tools/avr toolchain/bin/../lib/gcc/avr/4.4.3/avr51\libgcc.a(_thenan_sf.o)
 .debug_line    0x000012a7      0x1ac c:/program files/atmel/avr tools/avr toolchain/bin/../lib/gcc/avr/4.4.3/avr51\libgcc.a(_pack_sf.o)
 .debug_line    0x00001453      0x16d c:/program files/atmel/avr tools/avr toolchain/bin/../lib/gcc/avr/4.4.3/avr51\libgcc.a(_unpack_sf.o)
 .debug_line    0x000015c0      0x159 c:/program files/atmel/avr tools/avr toolchain/bin/../lib/gcc/avr/4.4.3/avr51\libgcc.a(_fpcmp_parts_sf.o)

.debug_frame    0x00000000      0x2b0
 *(.debug_frame)
 .debug_frame   0x00000000       0x30 Main.o
 .debug_frame   0x00000030       0x60 Interrupt.o
 .debug_frame   0x00000090       0x20 User.o
 .debug_frame   0x000000b0       0x70 Cpu.o
 .debug_frame   0x00000120       0x30 XbeeController.o
 .debug_frame   0x00000150       0x20 c:/program files/atmel/avr tools/avr toolchain/bin/../lib/gcc/avr/4.4.3/avr51\libgcc.a(_fixunssfsi.o)
 .debug_frame   0x00000170       0x40 c:/program files/atmel/avr tools/avr toolchain/bin/../lib/gcc/avr/4.4.3/avr51\libgcc.a(_addsub_sf.o)
 .debug_frame   0x000001b0       0x20 c:/program files/atmel/avr tools/avr toolchain/bin/../lib/gcc/avr/4.4.3/avr51\libgcc.a(_mul_sf.o)
 .debug_frame   0x000001d0       0x20 c:/program files/atmel/avr tools/avr toolchain/bin/../lib/gcc/avr/4.4.3/avr51\libgcc.a(_gt_sf.o)
 .debug_frame   0x000001f0       0x20 c:/program files/atmel/avr tools/avr toolchain/bin/../lib/gcc/avr/4.4.3/avr51\libgcc.a(_ge_sf.o)
 .debug_frame   0x00000210       0x20 c:/program files/atmel/avr tools/avr toolchain/bin/../lib/gcc/avr/4.4.3/avr51\libgcc.a(_lt_sf.o)
 .debug_frame   0x00000230       0x20 c:/program files/atmel/avr tools/avr toolchain/bin/../lib/gcc/avr/4.4.3/avr51\libgcc.a(_sf_to_si.o)
 .debug_frame   0x00000250       0x20 c:/program files/atmel/avr tools/avr toolchain/bin/../lib/gcc/avr/4.4.3/avr51\libgcc.a(_pack_sf.o)
 .debug_frame   0x00000270       0x20 c:/program files/atmel/avr tools/avr toolchain/bin/../lib/gcc/avr/4.4.3/avr51\libgcc.a(_unpack_sf.o)
 .debug_frame   0x00000290       0x20 c:/program files/atmel/avr tools/avr toolchain/bin/../lib/gcc/avr/4.4.3/avr51\libgcc.a(_fpcmp_parts_sf.o)

.debug_str      0x00000000      0x510
 *(.debug_str)
 .debug_str     0x00000000      0x127 Main.o
                                0x160 (size before relaxing)
 .debug_str     0x00000127       0x99 Interrupt.o
                                0x175 (size before relaxing)
 .debug_str     0x000001c0       0x2f User.o
                                 0xf8 (size before relaxing)
 .debug_str     0x000001ef       0x51 Cpu.o
                                0x119 (size before relaxing)
 .debug_str     0x00000240       0x22 XbeeController.o
                                 0xea (size before relaxing)
 .debug_str     0x00000262       0xd8 c:/program files/atmel/avr tools/avr toolchain/bin/../lib/gcc/avr/4.4.3/avr51\libgcc.a(_fixunssfsi.o)
                                0x156 (size before relaxing)
 .debug_str     0x0000033a      0x155 c:/program files/atmel/avr tools/avr toolchain/bin/../lib/gcc/avr/4.4.3/avr51\libgcc.a(_addsub_sf.o)
                                0x244 (size before relaxing)
 .debug_str     0x0000048f       0x27 c:/program files/atmel/avr tools/avr toolchain/bin/../lib/gcc/avr/4.4.3/avr51\libgcc.a(_mul_sf.o)
                                0x1fd (size before relaxing)
 .debug_str     0x000004b6        0xf c:/program files/atmel/avr tools/avr toolchain/bin/../lib/gcc/avr/4.4.3/avr51\libgcc.a(_gt_sf.o)
                                0x1cb (size before relaxing)
 .debug_str     0x000004c5        0x8 c:/program files/atmel/avr tools/avr toolchain/bin/../lib/gcc/avr/4.4.3/avr51\libgcc.a(_ge_sf.o)
                                0x1cb (size before relaxing)
 .debug_str     0x000004cd        0x8 c:/program files/atmel/avr tools/avr toolchain/bin/../lib/gcc/avr/4.4.3/avr51\libgcc.a(_lt_sf.o)
                                0x1cb (size before relaxing)
 .debug_str     0x000004d5        0xa c:/program files/atmel/avr tools/avr toolchain/bin/../lib/gcc/avr/4.4.3/avr51\libgcc.a(_sf_to_si.o)
                                0x1d4 (size before relaxing)
 .debug_str     0x00000000      0x176 c:/program files/atmel/avr tools/avr toolchain/bin/../lib/gcc/avr/4.4.3/avr51\libgcc.a(_thenan_sf.o)
 .debug_str     0x000004df       0x16 c:/program files/atmel/avr tools/avr toolchain/bin/../lib/gcc/avr/4.4.3/avr51\libgcc.a(_pack_sf.o)
                                0x1d3 (size before relaxing)
 .debug_str     0x000004f5        0xb c:/program files/atmel/avr tools/avr toolchain/bin/../lib/gcc/avr/4.4.3/avr51\libgcc.a(_unpack_sf.o)
                                0x1b5 (size before relaxing)
 .debug_str     0x00000500       0x10 c:/program files/atmel/avr tools/avr toolchain/bin/../lib/gcc/avr/4.4.3/avr51\libgcc.a(_fpcmp_parts_sf.o)
                                0x199 (size before relaxing)

.debug_loc      0x00000000      0x824
 *(.debug_loc)
 .debug_loc     0x00000000       0x34 c:/program files/atmel/avr tools/avr toolchain/bin/../lib/gcc/avr/4.4.3/avr51\libgcc.a(_fixunssfsi.o)
 .debug_loc     0x00000034      0x366 c:/program files/atmel/avr tools/avr toolchain/bin/../lib/gcc/avr/4.4.3/avr51\libgcc.a(_addsub_sf.o)
 .debug_loc     0x0000039a      0x156 c:/program files/atmel/avr tools/avr toolchain/bin/../lib/gcc/avr/4.4.3/avr51\libgcc.a(_mul_sf.o)
 .debug_loc     0x000004f0       0x3c c:/program files/atmel/avr tools/avr toolchain/bin/../lib/gcc/avr/4.4.3/avr51\libgcc.a(_gt_sf.o)
 .debug_loc     0x0000052c       0x3c c:/program files/atmel/avr tools/avr toolchain/bin/../lib/gcc/avr/4.4.3/avr51\libgcc.a(_ge_sf.o)
 .debug_loc     0x00000568       0x3c c:/program files/atmel/avr tools/avr toolchain/bin/../lib/gcc/avr/4.4.3/avr51\libgcc.a(_lt_sf.o)
 .debug_loc     0x000005a4       0x7e c:/program files/atmel/avr tools/avr toolchain/bin/../lib/gcc/avr/4.4.3/avr51\libgcc.a(_sf_to_si.o)
 .debug_loc     0x00000622       0xc6 c:/program files/atmel/avr tools/avr toolchain/bin/../lib/gcc/avr/4.4.3/avr51\libgcc.a(_pack_sf.o)
 .debug_loc     0x000006e8       0xec c:/program files/atmel/avr tools/avr toolchain/bin/../lib/gcc/avr/4.4.3/avr51\libgcc.a(_unpack_sf.o)
 .debug_loc     0x000007d4       0x50 c:/program files/atmel/avr tools/avr toolchain/bin/../lib/gcc/avr/4.4.3/avr51\libgcc.a(_fpcmp_parts_sf.o)

.debug_macinfo
 *(.debug_macinfo)
OUTPUT(Example.elf elf32-avr)
LOAD linker stubs

.debug_ranges   0x00000000       0x18
 .debug_ranges  0x00000000       0x18 c:/program files/atmel/avr tools/avr toolchain/bin/../lib/gcc/avr/4.4.3/avr51\libgcc.a(_mul_sf.o)
